Component: ARM Compiler 5.06 update 6 (build 750) Tool: armlink [4d35ed]

==============================================================================

Section Cross References

    clock.o(i.rt_tick_get) refers to clock.o(.data) for rt_tick
    clock.o(i.rt_tick_increase) refers to thread.o(i.rt_thread_self) for rt_thread_self
    clock.o(i.rt_tick_increase) refers to thread.o(i.rt_thread_yield) for rt_thread_yield
    clock.o(i.rt_tick_increase) refers to timer.o(i.rt_timer_check) for rt_timer_check
    clock.o(i.rt_tick_increase) refers to clock.o(.data) for rt_tick
    clock.o(i.rt_tick_set) refers to context_rvds.o(.text) for rt_hw_interrupt_disable
    clock.o(i.rt_tick_set) refers to clock.o(.data) for rt_tick
    components.o(i.$Sub$$main) refers to components.o(i.rtthread_startup) for rtthread_startup
    components.o(i.main_thread_entry) refers to components.o(i.rt_components_init) for rt_components_init
    components.o(i.main_thread_entry) refers to main.o(i.main) for $Super$$main
    components.o(i.rt_application_init) refers to thread.o(i.rt_thread_create) for rt_thread_create
    components.o(i.rt_application_init) refers to kservice.o(i.rt_assert_handler) for rt_assert_handler
    components.o(i.rt_application_init) refers to thread.o(i.rt_thread_startup) for rt_thread_startup
    components.o(i.rt_application_init) refers to components.o(i.main_thread_entry) for main_thread_entry
    components.o(i.rt_application_init) refers to components.o(.constdata) for __FUNCTION__
    components.o(i.rt_components_board_init) refers to components.o(.rti_fn.0.end) for __rt_init_rti_board_start
    components.o(i.rt_components_board_init) refers to components.o(.rti_fn.1.end) for __rt_init_rti_board_end
    components.o(i.rt_components_init) refers to components.o(.rti_fn.1.end) for __rt_init_rti_board_end
    components.o(i.rt_components_init) refers to components.o(.rti_fn.6.end) for __rt_init_rti_end
    components.o(i.rtthread_startup) refers to context_rvds.o(.text) for rt_hw_interrupt_disable
    components.o(i.rtthread_startup) refers to board.o(i.rt_hw_board_init) for rt_hw_board_init
    components.o(i.rtthread_startup) refers to kservice.o(i.rt_show_version) for rt_show_version
    components.o(i.rtthread_startup) refers to timer.o(i.rt_system_timer_init) for rt_system_timer_init
    components.o(i.rtthread_startup) refers to scheduler.o(i.rt_system_scheduler_init) for rt_system_scheduler_init
    components.o(i.rtthread_startup) refers to components.o(i.rt_application_init) for rt_application_init
    components.o(i.rtthread_startup) refers to timer.o(i.rt_system_timer_thread_init) for rt_system_timer_thread_init
    components.o(i.rtthread_startup) refers to idle.o(i.rt_thread_idle_init) for rt_thread_idle_init
    components.o(i.rtthread_startup) refers to scheduler.o(i.rt_system_scheduler_start) for rt_system_scheduler_start
    components.o(.rti_fn.0) refers to components.o(i.rti_start) for rti_start
    components.o(.rti_fn.0.end) refers to components.o(i.rti_board_start) for rti_board_start
    components.o(.rti_fn.1.end) refers to components.o(i.rti_board_end) for rti_board_end
    components.o(.rti_fn.6.end) refers to components.o(i.rti_end) for rti_end
    device.o(i.rt_device_close) refers to kservice.o(i.rt_assert_handler) for rt_assert_handler
    device.o(i.rt_device_close) refers to object.o(i.rt_object_get_type) for rt_object_get_type
    device.o(i.rt_device_close) refers to device.o(.constdata) for __FUNCTION__
    device.o(i.rt_device_control) refers to kservice.o(i.rt_assert_handler) for rt_assert_handler
    device.o(i.rt_device_control) refers to object.o(i.rt_object_get_type) for rt_object_get_type
    device.o(i.rt_device_control) refers to device.o(.constdata) for __FUNCTION__
    device.o(i.rt_device_create) refers to mem.o(i.rt_malloc) for rt_malloc
    device.o(i.rt_device_create) refers to kservice.o(i.rt_memset) for rt_memset
    device.o(i.rt_device_destroy) refers to kservice.o(i.rt_assert_handler) for rt_assert_handler
    device.o(i.rt_device_destroy) refers to object.o(i.rt_object_get_type) for rt_object_get_type
    device.o(i.rt_device_destroy) refers to object.o(i.rt_object_is_systemobject) for rt_object_is_systemobject
    device.o(i.rt_device_destroy) refers to object.o(i.rt_object_detach) for rt_object_detach
    device.o(i.rt_device_destroy) refers to mem.o(i.rt_free) for rt_free
    device.o(i.rt_device_destroy) refers to device.o(.constdata) for __FUNCTION__
    device.o(i.rt_device_find) refers to thread.o(i.rt_thread_self) for rt_thread_self
    device.o(i.rt_device_find) refers to scheduler.o(i.rt_enter_critical) for rt_enter_critical
    device.o(i.rt_device_find) refers to object.o(i.rt_object_get_information) for rt_object_get_information
    device.o(i.rt_device_find) refers to kservice.o(i.rt_assert_handler) for rt_assert_handler
    device.o(i.rt_device_find) refers to kservice.o(i.rt_strncmp) for rt_strncmp
[...]
    finsh_var_insert                         0x080056f9   Thumb Code   114  finsh_var.o(i.finsh_var_insert)
    finsh_var_lookup                         0x08005771   Thumb Code    58  finsh_var.o(i.finsh_var_lookup)
    finsh_vm_run                             0x080057b1   Thumb Code    62  finsh_vm.o(i.finsh_vm_run)
    get_pin                                  0x08005805   Thumb Code    28  drv_gpio.o(i.get_pin)
    hello                                    0x080058a5   Thumb Code    12  cmd.o(i.hello)
    inbyte                                   0x080058c5   Thumb Code    50  blue_uart2.o(i.inbyte)
    list                                     0x080058f9   Thumb Code   126  cmd.o(i.list)
    list_device                              0x080059d5   Thumb Code   172  cmd.o(i.list_device)
    list_event                               0x08005aed   Thumb Code   204  cmd.o(i.list_event)
    list_mailbox                             0x08005ce5   Thumb Code   224  cmd.o(i.list_mailbox)
    list_mem                                 0x08005e41   Thumb Code    34  mem.o(i.list_mem)
    list_memheap                             0x08005eb9   Thumb Code   158  cmd.o(i.list_memheap)
    list_mempool                             0x08005fd9   Thumb Code   232  cmd.o(i.list_mempool)
    list_msgqueue                            0x0800614d   Thumb Code   216  cmd.o(i.list_msgqueue)
    list_mutex                               0x08006291   Thumb Code   168  cmd.o(i.list_mutex)
    list_prefix                              0x0800639d   Thumb Code   434  cmd.o(i.list_prefix)
    list_sem                                 0x080065ad   Thumb Code   216  cmd.o(i.list_sem)
    list_thread                              0x080066e5   Thumb Code   294  cmd.o(i.list_thread)
    list_timer                               0x080068c9   Thumb Code   190  cmd.o(i.list_timer)
    $Super$$main                             0x08006a29   Thumb Code    18  main.o(i.main)
    main_thread_entry                        0x08006a3b   Thumb Code    14  components.o(i.main_thread_entry)
    mm32_pin_attach_irq                      0x08006b59   Thumb Code   220  drv_gpio.o(i.mm32_pin_attach_irq)
    mm32_pin_detach_irq                      0x08006c39   Thumb Code   134  drv_gpio.o(i.mm32_pin_detach_irq)
    mm32_pin_irq_enable                      0x08006cc5   Thumb Code   342  drv_gpio.o(i.mm32_pin_irq_enable)
    mm32_pin_mode                            0x08006e25   Thumb Code   112  drv_gpio.o(i.mm32_pin_mode)
    mm32_pin_read                            0x08006e95   Thumb Code    48  drv_gpio.o(i.mm32_pin_read)
    mm32_pin_write                           0x08006ec5   Thumb Code    52  drv_gpio.o(i.mm32_pin_write)
    msh_auto_complete                        0x080070b1   Thumb Code   138  msh.o(i.msh_auto_complete)
    msh_exec                                 0x08007161   Thumb Code    82  msh.o(i.msh_exec)
    msh_help                                 0x08007239   Thumb Code    66  msh.o(i.msh_help)
    msh_is_used                              0x080072b9   Thumb Code     6  msh.o(i.msh_is_used)
    rt_application_init                      0x08007f21   Thumb Code    46  components.o(i.rt_application_init)
    rt_assert_handler                        0x08007f71   Thumb Code    56  kservice.o(i.rt_assert_handler)
    rt_calloc                                0x08007fe5   Thumb Code    34  mem.o(i.rt_calloc)
    rt_completion_done                       0x08008009   Thumb Code    76  completion.o(i.rt_completion_done)
    rt_completion_init                       0x08008071   Thumb Code    42  completion.o(i.rt_completion_init)
    rt_completion_wait                       0x080080b9   Thumb Code   198  completion.o(i.rt_completion_wait)
    rt_components_board_init                 0x080081f9   Thumb Code    20  components.o(i.rt_components_board_init)
    rt_components_init                       0x08008215   Thumb Code    20  components.o(i.rt_components_init)
    rt_console_get_device                    0x08008231   Thumb Code     6  kservice.o(i.rt_console_get_device)
    rt_console_set_device                    0x0800823d   Thumb Code    48  kservice.o(i.rt_console_set_device)
    rt_device_close                          0x08008271   Thumb Code    92  device.o(i.rt_device_close)
    rt_device_find                           0x0800831d   Thumb Code    94  device.o(i.rt_device_find)
    rt_device_open                           0x08008399   Thumb Code   170  device.o(i.rt_device_open)
    rt_device_pin_register                   0x080084e1   Thumb Code    56  pin.o(i.rt_device_pin_register)
    rt_device_read                           0x08008529   Thumb Code    98  device.o(i.rt_device_read)
    rt_device_register                       0x080085dd   Thumb Code    52  device.o(i.rt_device_register)
    rt_device_set_rx_indicate                0x08008611   Thumb Code    48  device.o(i.rt_device_set_rx_indicate)
    rt_device_write                          0x08008691   Thumb Code    98  device.o(i.rt_device_write)
    rt_enter_critical                        0x08008745   Thumb Code    28  scheduler.o(i.rt_enter_critical)
    rt_exit_critical                         0x08008765   Thumb Code    60  scheduler.o(i.rt_exit_critical)
    rt_free                                  0x080087a9   Thumb Code   278  mem.o(i.rt_free)
    rt_hw_board_init                         0x080089b1   Thumb Code    26  board.o(i.rt_hw_board_init)
    rt_hw_console_output                     0x080089dd   Thumb Code     2  kservice.o(i.rt_hw_console_output)
    rt_hw_hard_fault_exception               0x080089e1   Thumb Code   198  cpuport.o(i.rt_hw_hard_fault_exception)
    rt_hw_pin_init                           0x08008be9   Thumb Code    18  drv_gpio.o(i.rt_hw_pin_init)
    rt_hw_serial_isr                         0x08008c05   Thumb Code   222  serial.o(i.rt_hw_serial_isr)
    rt_hw_serial_register                    0x08008cfd   Thumb Code    80  serial.o(i.rt_hw_serial_register)
    rt_hw_stack_init                         0x08008d7d   Thumb Code    70  cpuport.o(i.rt_hw_stack_init)
    rt_hw_uart_init                          0x08008dc9   Thumb Code    66  drv_uart.o(i.rt_hw_uart_init)
    rt_interrupt_enter                       0x08008e29   Thumb Code    46  irq.o(i.rt_interrupt_enter)
    rt_interrupt_get_nest                    0x08008e61   Thumb Code    22  irq.o(i.rt_interrupt_get_nest)
    rt_interrupt_leave                       0x08008e7d   Thumb Code    46  irq.o(i.rt_interrupt_leave)
    rt_kprintf                               0x08008f49   Thumb Code    96  kservice.o(i.rt_kprintf)
    rt_malloc                                0x08009075   Thumb Code   522  mem.o(i.rt_malloc)
    rt_memmove                               0x08009331   Thumb Code    66  kservice.o(i.rt_memmove)
    rt_memset                                0x08009373   Thumb Code    72  kservice.o(i.rt_memset)
    rt_object_allocate                       0x080093bd   Thumb Code   158  object.o(i.rt_object_allocate)
    rt_object_delete                         0x080094a9   Thumb Code    88  object.o(i.rt_object_delete)
    rt_object_detach                         0x08009549   Thumb Code    62  object.o(i.rt_object_detach)
    rt_object_get_information                0x080095a5   Thumb Code    36  object.o(i.rt_object_get_information)
    rt_object_get_type                       0x080095cd   Thumb Code    26  object.o(i.rt_object_get_type)
    rt_object_init                           0x08009601   Thumb Code   138  object.o(i.rt_object_init)
    rt_object_is_systemobject                0x080096bd   Thumb Code    34  object.o(i.rt_object_is_systemobject)
    rt_pin_mode                              0x080096f9   Thumb Code    38  pin.o(i.rt_pin_mode)
    rt_pin_read                              0x08009741   Thumb Code    34  pin.o(i.rt_pin_read)
    rt_pin_write                             0x08009785   Thumb Code    38  pin.o(i.rt_pin_write)
    rt_schedule                              0x080097cd   Thumb Code   300  scheduler.o(i.rt_schedule)
    rt_schedule_insert_thread                0x08009911   Thumb Code   118  scheduler.o(i.rt_schedule_insert_thread)
    rt_schedule_remove_thread                0x080099ad   Thumb Code    94  scheduler.o(i.rt_schedule_remove_thread)
    rt_sem_init                              0x08009a2d   Thumb Code    66  ipc.o(i.rt_sem_init)
    rt_sem_release                           0x08009a99   Thumb Code   116  ipc.o(i.rt_sem_release)
    rt_sem_take                              0x08009b29   Thumb Code   288  ipc.o(i.rt_sem_take)
    rt_set_errno                             0x0800a0d1   Thumb Code    36  kservice.o(i.rt_set_errno)
    rt_show_version                          0x0800a0f9   Thumb Code    38  kservice.o(i.rt_show_version)
    rt_sprintf                               0x0800a1a9   Thumb Code    34  kservice.o(i.rt_sprintf)
    rt_strlen                                0x0800a1cb   Thumb Code    18  kservice.o(i.rt_strlen)
    rt_strncmp                               0x0800a1dd   Thumb Code    40  kservice.o(i.rt_strncmp)
    rt_strncpy                               0x0800a205   Thumb Code    52  kservice.o(i.rt_strncpy)
    rt_system_heap_init                      0x0800a239   Thumb Code   204  mem.o(i.rt_system_heap_init)
    rt_system_scheduler_init                 0x0800a38d   Thumb Code    46  scheduler.o(i.rt_system_scheduler_init)
    rt_system_scheduler_start                0x0800a3cd   Thumb Code    36  scheduler.o(i.rt_system_scheduler_start)
    rt_system_timer_init                     0x0800a3f5   Thumb Code    24  timer.o(i.rt_system_timer_init)
    rt_system_timer_thread_init              0x0800a411   Thumb Code     2  timer.o(i.rt_system_timer_thread_init)
    rt_thread_create                         0x0800a413   Thumb Code    80  thread.o(i.rt_thread_create)
    rt_thread_exit                           0x0800a465   Thumb Code    78  thread.o(i.rt_thread_exit)
    rt_thread_idle_excute                    0x0800a4e1   Thumb Code   174  idle.o(i.rt_thread_idle_excute)
    rt_thread_idle_init                      0x0800a5c5   Thumb Code    74  idle.o(i.rt_thread_idle_init)
    rt_thread_init                           0x0800a625   Thumb Code    74  thread.o(i.rt_thread_init)
    rt_thread_mdelay                         0x0800a6a1   Thumb Code    20  thread.o(i.rt_thread_mdelay)
    rt_thread_resume                         0x0800a6b5   Thumb Code   122  thread.o(i.rt_thread_resume)
    rt_thread_self                           0x0800a751   Thumb Code     6  thread.o(i.rt_thread_self)
    rt_thread_sleep                          0x0800a75d   Thumb Code   100  thread.o(i.rt_thread_sleep)
    rt_thread_startup                        0x0800a7dd   Thumb Code   110  thread.o(i.rt_thread_startup)
    rt_thread_suspend                        0x0800a8a1   Thumb Code   158  thread.o(i.rt_thread_suspend)
    rt_thread_timeout                        0x0800a97d   Thumb Code    92  thread.o(i.rt_thread_timeout)
    rt_thread_yield                          0x0800aa31   Thumb Code    10  thread.o(i.rt_thread_yield)
    rt_tick_from_millisecond                 0x0800aa3b   Thumb Code    58  clock.o(i.rt_tick_from_millisecond)
    rt_tick_get                              0x0800aa75   Thumb Code     6  clock.o(i.rt_tick_get)
    rt_tick_increase                         0x0800aa81   Thumb Code    54  clock.o(i.rt_tick_increase)
    rt_timer_check                           0x0800aabd   Thumb Code   166  timer.o(i.rt_timer_check)
    rt_timer_control                         0x0800ab71   Thumb Code   116  timer.o(i.rt_timer_control)
    rt_timer_detach                          0x0800ac39   Thumb Code    82  timer.o(i.rt_timer_detach)
    rt_timer_init                            0x0800ad0d   Thumb Code    58  timer.o(i.rt_timer_init)
    rt_timer_start                           0x0800ad61   Thumb Code   314  timer.o(i.rt_timer_start)
    rt_timer_stop                            0x0800af21   Thumb Code   102  timer.o(i.rt_timer_stop)
    rt_vsnprintf                             0x0800afe1   Thumb Code   808  kservice.o(i.rt_vsnprintf)
    rt_vsprintf                              0x0800b311   Thumb Code    22  kservice.o(i.rt_vsprintf)
    rtthread_startup                         0x0800b337   Thumb Code    42  components.o(i.rtthread_startup)
    token_get_string                         0x0800b561   Thumb Code   120  finsh_token.o(i.token_get_string)
    uart_send                                0x0800bba1   Thumb Code    42  blue_uart2.o(i.uart_send)
    version                                  0x0800bcb5   Thumb Code    10  cmd.o(i.version)
    _get_lc_ctype                            0x0800bcc1   Thumb Code    44  lc_ctype_c.o(locale$$code)
    __lowest_bit_bitmap                      0x0800bfdb   Data         256  kservice.o(.constdata)
    mm32_pin_irq_map                         0x0800c768   Data         192  drv_gpio.o(.constdata)
    op_table                                 0x0800caac   Data         196  finsh_ops.o(.constdata)
    __fsym_list_mem_name                     0x0800d03e   Data           9  mem.o(.rodata.name)
    __fsym_list_mem_desc                     0x0800d047   Data          30  mem.o(.rodata.name)
    __fsym_pinMode_name                      0x0800d065   Data           8  pin.o(.rodata.name)
    __fsym_pinMode_desc                      0x0800d06d   Data          22  pin.o(.rodata.name)
    __fsym_pinWrite_name                     0x0800d083   Data           9  pin.o(.rodata.name)
    __fsym_pinWrite_desc                     0x0800d08c   Data          28  pin.o(.rodata.name)
    __fsym_pinRead_name                      0x0800d0a8   Data           8  pin.o(.rodata.name)
    __fsym_pinRead_desc                      0x0800d0b0   Data          30  pin.o(.rodata.name)
    __fsym_hello_name                        0x0800d0ce   Data           6  cmd.o(.rodata.name)
    __fsym_hello_desc                        0x0800d0d4   Data          16  cmd.o(.rodata.name)
    __fsym_version_name                      0x0800d0e4   Data           8  cmd.o(.rodata.name)
    __fsym_version_desc                      0x0800d0ec   Data          35  cmd.o(.rodata.name)
    __fsym___cmd_version_name                0x0800d10f   Data          14  cmd.o(.rodata.name)
    __fsym___cmd_version_desc                0x0800d11d   Data          35  cmd.o(.rodata.name)
    __fsym_list_thread_name                  0x0800d140   Data          12  cmd.o(.rodata.name)
    __fsym_list_thread_desc                  0x0800d14c   Data          12  cmd.o(.rodata.name)
    __fsym___cmd_list_thread_name            0x0800d158   Data          18  cmd.o(.rodata.name)
    __fsym___cmd_list_thread_desc            0x0800d16a   Data          12  cmd.o(.rodata.name)
    __fsym_list_sem_name                     0x0800d176   Data           9  cmd.o(.rodata.name)
    __fsym_list_sem_desc                     0x0800d17f   Data          25  cmd.o(.rodata.name)
    __fsym___cmd_list_sem_name               0x0800d198   Data          15  cmd.o(.rodata.name)
    __fsym___cmd_list_sem_desc               0x0800d1a7   Data          25  cmd.o(.rodata.name)
    __fsym_list_event_name                   0x0800d1c0   Data          11  cmd.o(.rodata.name)
    __fsym_list_event_desc                   0x0800d1cb   Data          21  cmd.o(.rodata.name)
    __fsym___cmd_list_event_name             0x0800d1e0   Data          17  cmd.o(.rodata.name)
    __fsym___cmd_list_event_desc             0x0800d1f1   Data          21  cmd.o(.rodata.name)
    __fsym_list_mutex_name                   0x0800d206   Data          11  cmd.o(.rodata.name)
    __fsym_list_mutex_desc                   0x0800d211   Data          21  cmd.o(.rodata.name)
    __fsym___cmd_list_mutex_name             0x0800d226   Data          17  cmd.o(.rodata.name)
    __fsym___cmd_list_mutex_desc             0x0800d237   Data          21  cmd.o(.rodata.name)
    __fsym_list_mailbox_name                 0x0800d24c   Data          13  cmd.o(.rodata.name)
    __fsym_list_mailbox_desc                 0x0800d259   Data          24  cmd.o(.rodata.name)
    __fsym___cmd_list_mailbox_name           0x0800d271   Data          19  cmd.o(.rodata.name)
    __fsym___cmd_list_mailbox_desc           0x0800d284   Data          24  cmd.o(.rodata.name)
    __fsym_list_msgqueue_name                0x0800d29c   Data          14  cmd.o(.rodata.name)
    __fsym_list_msgqueue_desc                0x0800d2aa   Data          29  cmd.o(.rodata.name)
    __fsym___cmd_list_msgqueue_name          0x0800d2c7   Data          20  cmd.o(.rodata.name)
    __fsym___cmd_list_msgqueue_desc          0x0800d2db   Data          29  cmd.o(.rodata.name)
    __fsym_list_memheap_name                 0x0800d2f8   Data          13  cmd.o(.rodata.name)
    __fsym_list_memheap_desc                 0x0800d305   Data          27  cmd.o(.rodata.name)
    __fsym___cmd_list_memheap_name           0x0800d320   Data          19  cmd.o(.rodata.name)
    __fsym___cmd_list_memheap_desc           0x0800d333   Data          27  cmd.o(.rodata.name)
    __fsym_list_mempool_name                 0x0800d34e   Data          13  cmd.o(.rodata.name)
    __fsym_list_mempool_desc                 0x0800d35b   Data          27  cmd.o(.rodata.name)
    __fsym___cmd_list_mempool_name           0x0800d376   Data          19  cmd.o(.rodata.name)
    __fsym___cmd_list_mempool_desc           0x0800d389   Data          27  cmd.o(.rodata.name)
    __fsym_list_timer_name                   0x0800d3a4   Data          11  cmd.o(.rodata.name)
    __fsym_list_timer_desc                   0x0800d3af   Data          21  cmd.o(.rodata.name)
    __fsym___cmd_list_timer_name             0x0800d3c4   Data          17  cmd.o(.rodata.name)
    __fsym___cmd_list_timer_desc             0x0800d3d5   Data          21  cmd.o(.rodata.name)
    __fsym_list_device_name                  0x0800d3ea   Data          12  cmd.o(.rodata.name)
    __fsym_list_device_desc                  0x0800d3f6   Data          22  cmd.o(.rodata.name)
    __fsym___cmd_list_device_name            0x0800d40c   Data          18  cmd.o(.rodata.name)
    __fsym___cmd_list_device_desc            0x0800d41e   Data          22  cmd.o(.rodata.name)
    __fsym_list_name                         0x0800d434   Data           5  cmd.o(.rodata.name)
    __fsym_list_desc                         0x0800d439   Data          26  cmd.o(.rodata.name)
    __vsym_dummy_name                        0x0800d453   Data           6  cmd.o(.rodata.name)
    __vsym_dummy_desc                        0x0800d459   Data          25  cmd.o(.rodata.name)
    __fsym___cmd_exit_name                   0x0800d472   Data          11  msh.o(.rodata.name)
    __fsym___cmd_exit_desc                   0x0800d47d   Data          32  msh.o(.rodata.name)
    __fsym_msh_name                          0x0800d49d   Data           4  msh.o(.rodata.name)
    __fsym_msh_desc                          0x0800d4a1   Data          17  msh.o(.rodata.name)
    __fsym___cmd_help_name                   0x0800d4b2   Data          11  msh.o(.rodata.name)
    __fsym___cmd_help_desc                   0x0800d4bd   Data          22  msh.o(.rodata.name)
    __fsym___cmd_ps_name                     0x0800d4d3   Data           9  msh.o(.rodata.name)
    __fsym___cmd_ps_desc                     0x0800d4dc   Data          28  msh.o(.rodata.name)
    __fsym___cmd_free_name                   0x0800d4f8   Data          11  msh.o(.rodata.name)
    __fsym___cmd_free_desc                   0x0800d503   Data          37  msh.o(.rodata.name)
    __rt_init_rti_start                      0x0800d528   Data           4  components.o(.rti_fn.0)
    __rt_init_rti_board_start                0x0800d52c   Data           4  components.o(.rti_fn.0.end)
    __rt_init_rt_hw_uart_init                0x0800d530   Data           4  drv_uart.o(.rti_fn.1)
    __rt_init_rt_hw_pin_init                 0x0800d534   Data           4  drv_gpio.o(.rti_fn.1)
    __rt_init_rti_board_end                  0x0800d538   Data           4  components.o(.rti_fn.1.end)
    __rt_init_finsh_system_init              0x0800d53c   Data           4  shell.o(.rti_fn.6)
    __rt_init_rti_end                        0x0800d540   Data           4  components.o(.rti_fn.6.end)
    FSymTab$$Base                            0x0800d544   Number         0  mem.o(FSymTab)
    __fsym_list_mem                          0x0800d544   Data          12  mem.o(FSymTab)
    __fsym_pinMode                           0x0800d550   Data          12  pin.o(FSymTab)
    __fsym_pinWrite                          0x0800d55c   Data          12  pin.o(FSymTab)
    __fsym_pinRead                           0x0800d568   Data          12  pin.o(FSymTab)
    __fsym_hello                             0x0800d574   Data          12  cmd.o(FSymTab)
    __fsym_version                           0x0800d580   Data          12  cmd.o(FSymTab)
    __fsym___cmd_version                     0x0800d58c   Data          12  cmd.o(FSymTab)
    __fsym_list_thread                       0x0800d598   Data          12  cmd.o(FSymTab)
    __fsym___cmd_list_thread                 0x0800d5a4   Data          12  cmd.o(FSymTab)
    __fsym_list_sem                          0x0800d5b0   Data          12  cmd.o(FSymTab)
    __fsym___cmd_list_sem                    0x0800d5bc   Data          12  cmd.o(FSymTab)
    __fsym_list_event                        0x0800d5c8   Data          12  cmd.o(FSymTab)
    __fsym___cmd_list_event                  0x0800d5d4   Data          12  cmd.o(FSymTab)
    __fsym_list_mutex                        0x0800d5e0   Data          12  cmd.o(FSymTab)
    __fsym___cmd_list_mutex                  0x0800d5ec   Data          12  cmd.o(FSymTab)
    __fsym_list_mailbox                      0x0800d5f8   Data          12  cmd.o(FSymTab)
    __fsym___cmd_list_mailbox                0x0800d604   Data          12  cmd.o(FSymTab)
    __fsym_list_msgqueue                     0x0800d610   Data          12  cmd.o(FSymTab)
    __fsym___cmd_list_msgqueue               0x0800d61c   Data          12  cmd.o(FSymTab)
    __fsym_list_memheap                      0x0800d628   Data          12  cmd.o(FSymTab)
    __fsym___cmd_list_memheap                0x0800d634   Data          12  cmd.o(FSymTab)
    __fsym_list_mempool                      0x0800d640   Data          12  cmd.o(FSymTab)
    __fsym___cmd_list_mempool                0x0800d64c   Data          12  cmd.o(FSymTab)
    __fsym_list_timer                        0x0800d658   Data          12  cmd.o(FSymTab)
    __fsym___cmd_list_timer                  0x0800d664   Data          12  cmd.o(FSymTab)
    __fsym_list_device                       0x0800d670   Data          12  cmd.o(FSymTab)
    __fsym___cmd_list_device                 0x0800d67c   Data          12  cmd.o(FSymTab)
    __fsym_list                              0x0800d688   Data          12  cmd.o(FSymTab)
    __fsym___cmd_exit                        0x0800d694   Data          12  msh.o(FSymTab)
    __fsym_msh                               0x0800d6a0   Data          12  msh.o(FSymTab)
    __fsym___cmd_help                        0x0800d6ac   Data          12  msh.o(FSymTab)
    __fsym___cmd_ps                          0x0800d6b8   Data          12  msh.o(FSymTab)
    __fsym___cmd_free                        0x0800d6c4   Data          12  msh.o(FSymTab)
    FSymTab$$Limit                           0x0800d6d0   Number         0  msh.o(FSymTab)
    Region$$Table$$Base                      0x0800d6d0   Number         0  anon$$obj.o(Region$$Table)
    Region$$Table$$Limit                     0x0800d6f0   Number         0  anon$$obj.o(Region$$Table)
    VSymTab$$Base                            0x0800d6f0   Number         0  cmd.o(VSymTab)
    __vsym_dummy                             0x0800d6f0   Data          16  cmd.o(VSymTab)
    VSymTab$$Limit                           0x0800d700   Number         0  cmd.o(VSymTab)
    __ctype                                  0x0800d70d   Data           0  lc_ctype_c.o(locale$$data)
    rt_interrupt_nest                        0x2000000c   Data           1  irq.o(.data)
    rt_assert_hook                           0x20000018   Data           4  kservice.o(.data)
    rt_object_trytake_hook                   0x200000e4   Data           4  object.o(.data)
    rt_object_take_hook                      0x200000e8   Data           4  object.o(.data)
    rt_object_put_hook                       0x200000ec   Data           4  object.o(.data)
    rt_thread_ready_priority_group           0x200000f0   Data           4  scheduler.o(.data)
    rt_current_thread                        0x200000f8   Data           4  scheduler.o(.data)
    rt_current_priority                      0x200000fc   Data           1  scheduler.o(.data)
    rt_thread_defunct                        0x20000100   Data           8  scheduler.o(.data)
    mm32_pin_irq_hdr_tab                     0x20000134   Data         192  drv_gpio.o(.data)
    SystemCoreClock                          0x200001f4   Data           4  system_mm32l3xx.o(.data)
    AHBPrescTable                            0x200001f8   Data          16  system_mm32l3xx.o(.data)
    rt_interrupt_from_thread                 0x2000021c   Data           4  cpuport.o(.data)
    rt_interrupt_to_thread                   0x20000220   Data           4  cpuport.o(.data)
    rt_thread_switch_interrupt_flag          0x20000224   Data           4  cpuport.o(.data)
    _syscall_table_begin                     0x20000230   Data           4  shell.o(.data)
    _syscall_table_end                       0x20000234   Data           4  shell.o(.data)
    _sysvar_table_begin                      0x20000238   Data           4  shell.o(.data)
    _sysvar_table_end                        0x2000023c   Data           4  shell.o(.data)
    shell                                    0x20000240   Data           4  shell.o(.data)
    finsh_compile_sp                         0x20000250   Data           4  finsh_compiler.o(.data)
    finsh_compile_pc                         0x20000254   Data           4  finsh_compiler.o(.data)
    global_errno                             0x20000258   Data           1  finsh_error.o(.data)
    global_sysvar_list                       0x200002a0   Data           4  finsh_var.o(.data)
    finsh_sp                                 0x200002a4   Data           4  finsh_vm.o(.data)
    finsh_pc                                 0x200002a8   Data           4  finsh_vm.o(.data)
    global_syscall_list                      0x200002ac   Data           4  finsh_vm.o(.data)
    direct                                   0x200002b0   Data           1  pwm.o(.data)
    pwm1                                     0x200002b2   Data           2  pwm.o(.data)
    pwm2                                     0x200002b4   Data           2  pwm.o(.data)
    pwm3                                     0x200002b6   Data           2  pwm.o(.data)
    pwm4                                     0x200002b8   Data           2  pwm.o(.data)
    speed_up                                 0x200002ba   Data           2  pwm.o(.data)
    speed_down                               0x200002bc   Data           2  pwm.o(.data)
    mode_cnt                                 0x200002be   Data           1  key.o(.data)
    rt_thread_priority_table                 0x200004f0   Data         256  scheduler.o(.bss)
    serial1                                  0x200005f0   Data          84  drv_uart.o(.bss)
    finsh_heap                               0x2000070c   Data         128  finsh_heap.o(.bss)
    global_node_table                        0x2000078c   Data         320  finsh_node.o(.bss)
    global_variable                          0x200008cc   Data         192  finsh_var.o(.bss)
    finsh_vm_stack                           0x2000098c   Data         256  finsh_vm.o(.bss)
    text_segment                             0x20000a8c   Data         128  finsh_vm.o(.bss)
    __libspace_start                         0x20000b0c   Data          96  libspace.o(.bss)
    __temporary_stack_top$libspace           0x20000b6c   Data           0  libspace.o(.bss)
    Image$$RW_IRAM1$$ZI$$Limit               0x20001170   Number         0  anon$$obj.o ABSOLUTE



==============================================================================

Memory Map of the image

  Image Entry point : 0x080000f5

  Load Region LR_IROM1 (Base: 0x08000000, Size: 0x0000dad0, Max: 0x00020000, ABSOLUTE, COMPRESSED[0x0000d8c8])

    Execution Region ER_IROM1 (Exec base: 0x08000000, Load base: 0x08000000, Size: 0x0000d810, Max: 0x00020000, ABSOLUTE)

    Exec Addr    Load Addr    Size         Type   Attr      Idx    E Section Name        Object

    0x08000000   0x08000000   0x000000f4   Data   RO         4453    RESET               startup_mm32l3xx.o
    0x080000f4   0x080000f4   0x00000008   Code   RO         6616  * !!!main             c_w.l(__main.o)
    0x080000fc   0x080000fc   0x00000034   Code   RO         6796    !!!scatter          c_w.l(__scatter.o)
    0x08000130   0x08000130   0x0000005a   Code   RO         6794    !!dczerorl2         c_w.l(__dczerorl2.o)
    0x0800018a   0x0800018a   0x00000002   PAD
    0x0800018c   0x0800018c   0x0000001c   Code   RO         6798    !!handler_zi        c_w.l(__scatter_zi.o)
    0x080001a8   0x080001a8   0x00000002   Code   RO         6667    .ARM.Collect$$libinit$$00000000  c_w.l(libinit.o)
    0x080001aa   0x080001aa   0x00000000   Code   RO         6671    .ARM.Collect$$libinit$$00000002  c_w.l(libinit2.o)
    0x080001aa   0x080001aa   0x00000000   Code   RO         6673    .ARM.Collect$$libinit$$00000004  c_w.l(libinit2.o)
    0x080001aa   0x080001aa   0x00000000   Code   RO         6676    .ARM.Collect$$libinit$$0000000A  c_w.l(libinit2.o)
    0x080001aa   0x080001aa   0x00000000   Code   RO         6678    .ARM.Collect$$libinit$$0000000C  c_w.l(libinit2.o)
    0x080001aa   0x080001aa   0x00000000   Code   RO         6680    .ARM.Collect$$libinit$$0000000E  c_w.l(libinit2.o)
    0x080001aa   0x080001aa   0x00000006   Code   RO         6681    .ARM.Collect$$libinit$$0000000F  c_w.l(libinit2.o)
    0x080001b0   0x080001b0   0x00000000   Code   RO         6683    .ARM.Collect$$libinit$$00000011  c_w.l(libinit2.o)
    0x080001b0   0x080001b0   0x0000000c   Code   RO         6684    .ARM.Collect$$libinit$$00000012  c_w.l(libinit2.o)
    0x080001bc   0x080001bc   0x00000000   Code   RO         6685    .ARM.Collect$$libinit$$00000013  c_w.l(libinit2.o)
    0x080001bc   0x080001bc   0x00000000   Code   RO         6687    .ARM.Collect$$libinit$$00000015  c_w.l(libinit2.o)
    0x080001bc   0x080001bc   0x00000000   Code   RO         6689    .ARM.Collect$$libinit$$00000017  c_w.l(libinit2.o)
    0x080001bc   0x080001bc   0x00000000   Code   RO         6691    .ARM.Collect$$libinit$$00000019  c_w.l(libinit2.o)
    0x080001bc   0x080001bc   0x00000000   Code   RO         6693    .ARM.Collect$$libinit$$0000001B  c_w.l(libinit2.o)
    0x080001bc   0x080001bc   0x00000000   Code   RO         6695    .ARM.Collect$$libinit$$0000001D  c_w.l(libinit2.o)
    0x080001bc   0x080001bc   0x00000000   Code   RO         6697    .ARM.Collect$$libinit$$0000001F  c_w.l(libinit2.o)
    0x080001bc   0x080001bc   0x00000000   Code   RO         6699    .ARM.Collect$$libinit$$00000021  c_w.l(libinit2.o)
    0x080001bc   0x080001bc   0x00000000   Code   RO         6701    .ARM.Collect$$libinit$$00000023  c_w.l(libinit2.o)
    0x080001bc   0x080001bc   0x00000000   Code   RO         6703    .ARM.Collect$$libinit$$00000025  c_w.l(libinit2.o)
    0x080001bc   0x080001bc   0x00000000   Code   RO         6707    .ARM.Collect$$libinit$$0000002C  c_w.l(libinit2.o)
    0x080001bc   0x080001bc   0x00000000   Code   RO         6709    .ARM.Collect$$libinit$$0000002E  c_w.l(libinit2.o)
    0x080001bc   0x080001bc   0x00000000   Code   RO         6711    .ARM.Collect$$libinit$$00000030  c_w.l(libinit2.o)
    0x080001bc   0x080001bc   0x00000000   Code   RO         6713    .ARM.Collect$$libinit$$00000032  c_w.l(libinit2.o)
    0x080001bc   0x080001bc   0x00000002   Code   RO         6714    .ARM.Collect$$libinit$$00000033  c_w.l(libinit2.o)
    0x080001be   0x080001be   0x00000002   Code   RO         6734    .ARM.Collect$$libshutdown$$00000000  c_w.l(libshutdown.o)
    0x080001c0   0x080001c0   0x00000000   Code   RO         6747    .ARM.Collect$$libshutdown$$00000002  c_w.l(libshutdown2.o)
    0x080001c0   0x080001c0   0x00000000   Code   RO         6749    .ARM.Collect$$libshutdown$$00000004  c_w.l(libshutdown2.o)
    0x080001c0   0x080001c0   0x00000000   Code   RO         6752    .ARM.Collect$$libshutdown$$00000007  c_w.l(libshutdown2.o)
    0x080001c0   0x080001c0   0x00000000   Code   RO         6755    .ARM.Collect$$libshutdown$$0000000A  c_w.l(libshutdown2.o)
    0x080001c0   0x080001c0   0x00000000   Code   RO         6757    .ARM.Collect$$libshutdown$$0000000C  c_w.l(libshutdown2.o)
    0x080001c0   0x080001c0   0x00000000   Code   RO         6760    .ARM.Collect$$libshutdown$$0000000F  c_w.l(libshutdown2.o)
    0x080001c0   0x080001c0   0x00000002   Code   RO         6761    .ARM.Collect$$libshutdown$$00000010  c_w.l(libshutdown2.o)
    0x080001c2   0x080001c2   0x00000000   Code   RO         6618    .ARM.Collect$$rtentry$$00000000  c_w.l(__rtentry.o)
    0x080001c2   0x080001c2   0x00000000   Code   RO         6630    .ARM.Collect$$rtentry$$00000002  c_w.l(__rtentry2.o)
    0x080001c2   0x080001c2   0x00000006   Code   RO         6642    .ARM.Collect$$rtentry$$00000004  c_w.l(__rtentry4.o)
    0x080001c8   0x080001c8   0x00000000   Code   RO         6632    .ARM.Collect$$rtentry$$00000009  c_w.l(__rtentry2.o)
    0x080001c8   0x080001c8   0x00000004   Code   RO         6633    .ARM.Collect$$rtentry$$0000000A  c_w.l(__rtentry2.o)
    0x080001cc   0x080001cc   0x00000000   Code   RO         6635    .ARM.Collect$$rtentry$$0000000C  c_w.l(__rtentry2.o)
    0x080001cc   0x080001cc   0x00000008   Code   RO         6636    .ARM.Collect$$rtentry$$0000000D  c_w.l(__rtentry2.o)
    0x080001d4   0x080001d4   0x00000002   Code   RO         6668    .ARM.Collect$$rtexit$$00000000  c_w.l(rtexit.o)
    0x080001d6   0x080001d6   0x00000000   Code   RO         6716    .ARM.Collect$$rtexit$$00000002  c_w.l(rtexit2.o)
    0x080001d6   0x080001d6   0x00000004   Code   RO         6717    .ARM.Collect$$rtexit$$00000003  c_w.l(rtexit2.o)
    0x080001da   0x080001da   0x00000006   Code   RO         6718    .ARM.Collect$$rtexit$$00000004  c_w.l(rtexit2.o)
    0x080001e0   0x080001e0   0x00000040   Code   RO         4454    .text               startup_mm32l3xx.o
    0x08000220   0x08000220   0x000000f4   Code   RO         4552    .text               context_rvds.o
    0x08000314   0x08000314   0x0000001a   Code   RO         6590    .text               c_w.l(atoi.o)
    0x0800032e   0x0800032e   0x00000058   Code   RO         6592    .text               c_w.l(memcmp.o)
    0x08000386   0x08000386   0x00000048   Code   RO         6594    .text               c_w.l(strcpy.o)
    0x080003ce   0x080003ce   0x0000003e   Code   RO         6596    .text               c_w.l(strlen.o)
    0x0800040c   0x0800040c   0x00000096   Code   RO         6598    .text               c_w.l(strncmp.o)
    0x080004a2   0x080004a2   0x00000018   Code   RO         6600    .text               c_w.l(strcat.o)
    0x080004ba   0x080004ba   0x0000008a   Code   RO         6602    .text               c_w.l(rt_memcpy_v6.o)
    0x08000544   0x08000544   0x00000064   Code   RO         6604    .text               c_w.l(rt_memcpy_w.o)
    0x080005a8   0x080005a8   0x00000044   Code   RO         6606    .text               c_w.l(rt_memclr.o)
    0x080005ec   0x080005ec   0x0000004e   Code   RO         6608    .text               c_w.l(rt_memclr_w.o)
    0x0800063a   0x0800063a   0x00000056   Code   RO         6610    .text               c_w.l(strncpy.o)
    0x08000690   0x08000690   0x00000080   Code   RO         6612    .text               c_w.l(strcmpv7m.o)
    0x08000710   0x08000710   0x00000006   Code   RO         6614    .text               c_w.l(heapauxi.o)
    0x08000716   0x08000716   0x00000002   PAD
    0x08000718   0x08000718   0x00000008   Code   RO         6622    .text               c_w.l(rt_errno_addr_intlibspace.o)
    0x08000720   0x08000720   0x00000070   Code   RO         6624    .text               c_w.l(strtol.o)
    0x08000790   0x08000790   0x00000008   Code   RO         6626    .text               c_w.l(libspace.o)
    0x08000798   0x08000798   0x00000010   Code   RO         6644    .text               c_w.l(rt_ctype_table.o)
    0x080007a8   0x080007a8   0x0000009e   Code   RO         6646    .text               c_w.l(_strtoul.o)
    0x08000846   0x08000846   0x0000004a   Code   RO         6648    .text               c_w.l(sys_stackheap_outer.o)
    0x08000890   0x08000890   0x00000008   Code   RO         6653    .text               c_w.l(rt_locale_intlibspace.o)
    0x08000898   0x08000898   0x0000001c   Code   RO         6655    .text               c_w.l(_chval.o)
    0x080008b4   0x080008b4   0x00000012   Code   RO         6660    .text               c_w.l(exit.o)
    0x080008c6   0x080008c6   0x00000002   PAD
    0x080008c8   0x080008c8   0x0000000c   Code   RO         6726    .text               c_w.l(sys_exit.o)
    0x080008d4   0x080008d4   0x00000002   Code   RO         6737    .text               c_w.l(use_no_semi.o)
    0x080008d6   0x080008d6   0x00000000   Code   RO         6739    .text               c_w.l(indicate_semi.o)
    0x080008d6   0x080008d6   0x0000000a   Code   RO          103    i.$Sub$$main        components.o
    0x080008e0   0x080008e0   0x00000020   Code   RO         6370    i.Blue_Task_Entry   task.o
    0x08000900   0x08000900   0x00000030   Code   RO         6371    i.Blue_Task_Init    task.o
    0x08000930   0x08000930   0x00000012   Code   RO         1786    i.EXTI0_IRQHandler  drv_gpio.o
    0x08000942   0x08000942   0x0000006c   Code   RO         1787    i.EXTI15_10_IRQHandler  drv_gpio.o
    0x080009ae   0x080009ae   0x00000012   Code   RO         1788    i.EXTI1_IRQHandler  drv_gpio.o
    0x080009c0   0x080009c0   0x00000012   Code   RO         1789    i.EXTI2_IRQHandler  drv_gpio.o
    0x080009d2   0x080009d2   0x00000012   Code   RO         1790    i.EXTI3_IRQHandler  drv_gpio.o
    0x080009e4   0x080009e4   0x00000012   Code   RO         1791    i.EXTI4_IRQHandler  drv_gpio.o
    0x080009f6   0x080009f6   0x00000056   Code   RO         1792    i.EXTI9_5_IRQHandler  drv_gpio.o
    0x08000a4c   0x08000a4c   0x0000000c   Code   RO         2619    i.EXTI_ClearITPendingBit  hal_exti.o
    0x08000a58   0x08000a58   0x00000028   Code   RO         2623    i.EXTI_GetITStatus  hal_exti.o
    0x08000a80   0x08000a80   0x000000b8   Code   RO         2624    i.EXTI_Init         hal_exti.o
    0x08000b38   0x08000b38   0x00000040   Code   RO         2847    i.GPIO_EXTILineConfig  hal_gpio.o
    0x08000b78   0x08000b78   0x00000116   Code   RO         2850    i.GPIO_Init         hal_gpio.o
    0x08000c8e   0x08000c8e   0x00000002   PAD
    0x08000c90   0x08000c90   0x00000064   Code   RO         2852    i.GPIO_PinRemapConfig  hal_gpio.o
    0x08000cf4   0x08000cf4   0x00000012   Code   RO         2854    i.GPIO_ReadInputDataBit  hal_gpio.o
    0x08000d06   0x08000d06   0x00000004   Code   RO         2857    i.GPIO_ResetBits    hal_gpio.o
    0x08000d0a   0x08000d0a   0x00000004   Code   RO         2858    i.GPIO_SetBits      hal_gpio.o
    0x08000d0e   0x08000d0e   0x0000000c   Code   RO         6372    i.KEY_Task_Entry    task.o
    0x08000d1a   0x08000d1a   0x00000002   PAD
    0x08000d1c   0x08000d1c   0x0000002c   Code   RO         6373    i.KEY_Task_Init     task.o
    0x08000d48   0x08000d48   0x0000003c   Code   RO         6482    i.Key_Init          key.o
    0x08000d84   0x08000d84   0x000000cc   Code   RO         6483    i.Key_Scan          key.o
    0x08000e50   0x08000e50   0x00000084   Code   RO         6484    i.Key_Task          key.o
    0x08000ed4   0x08000ed4   0x000000a4   Code   RO         6521    i.LED_Init          led.o
    0x08000f78   0x08000f78   0x00000080   Code   RO         3172    i.NVIC_Init         hal_misc.o
    0x08000ff8   0x08000ff8   0x00000030   Code   RO         5785    i.OP_add_byte       finsh_ops.o
    0x08001028   0x08001028   0x00000030   Code   RO         5786    i.OP_add_dword      finsh_ops.o
    0x08001058   0x08001058   0x00000030   Code   RO         5787    i.OP_add_word       finsh_ops.o
    0x08001088   0x08001088   0x00000030   Code   RO         5788    i.OP_and_byte       finsh_ops.o
    0x080010b8   0x080010b8   0x00000030   Code   RO         5789    i.OP_and_dword      finsh_ops.o
    0x080010e8   0x080010e8   0x00000030   Code   RO         5790    i.OP_and_word       finsh_ops.o
    0x08001118   0x08001118   0x00000018   Code   RO         5791    i.OP_bw_byte        finsh_ops.o
    0x08001130   0x08001130   0x00000018   Code   RO         5792    i.OP_bw_dword       finsh_ops.o
    0x08001148   0x08001148   0x00000018   Code   RO         5793    i.OP_bw_word        finsh_ops.o
    0x08001160   0x08001160   0x0000038c   Code   RO         5794    i.OP_call           finsh_ops.o
    0x080014ec   0x080014ec   0x00000030   Code   RO         5795    i.OP_div_byte       finsh_ops.o
    0x0800151c   0x0800151c   0x00000030   Code   RO         5796    i.OP_div_dword      finsh_ops.o
    0x0800154c   0x0800154c   0x00000034   Code   RO         5797    i.OP_div_word       finsh_ops.o
    0x08001580   0x08001580   0x0000002c   Code   RO         5798    i.OP_ld_byte        finsh_ops.o
    0x080015ac   0x080015ac   0x00000048   Code   RO         5799    i.OP_ld_dword       finsh_ops.o
    0x080015f4   0x080015f4   0x0000004c   Code   RO         5800    i.OP_ld_value_byte  finsh_ops.o
    0x08001640   0x08001640   0x00000018   Code   RO         5801    i.OP_ld_value_byte_stack  finsh_ops.o
    0x08001658   0x08001658   0x0000004c   Code   RO         5802    i.OP_ld_value_dword  finsh_ops.o
    0x080016a4   0x080016a4   0x00000018   Code   RO         5803    i.OP_ld_value_dword_stack  finsh_ops.o
    0x080016bc   0x080016bc   0x0000004c   Code   RO         5804    i.OP_ld_value_word  finsh_ops.o
    0x08001708   0x08001708   0x00000018   Code   RO         5805    i.OP_ld_value_word_stack  finsh_ops.o
    0x08001720   0x08001720   0x00000038   Code   RO         5806    i.OP_ld_word        finsh_ops.o
    0x08001758   0x08001758   0x00000034   Code   RO         5807    i.OP_mod_byte       finsh_ops.o
    0x0800178c   0x0800178c   0x00000034   Code   RO         5808    i.OP_mod_dword      finsh_ops.o
    0x080017c0   0x080017c0   0x00000034   Code   RO         5809    i.OP_mod_word       finsh_ops.o
    0x080017f4   0x080017f4   0x00000030   Code   RO         5810    i.OP_mul_byte       finsh_ops.o
    0x08001824   0x08001824   0x00000030   Code   RO         5811    i.OP_mul_dword      finsh_ops.o
    0x08001854   0x08001854   0x00000030   Code   RO         5812    i.OP_mul_word       finsh_ops.o
    0x08001884   0x08001884   0x00000002   Code   RO         5813    i.OP_no_op          finsh_ops.o
    0x08001886   0x08001886   0x00000002   PAD
    0x08001888   0x08001888   0x00000030   Code   RO         5814    i.OP_or_byte        finsh_ops.o
    0x080018b8   0x080018b8   0x00000030   Code   RO         5815    i.OP_or_dword       finsh_ops.o
    0x080018e8   0x080018e8   0x00000030   Code   RO         5816    i.OP_or_word        finsh_ops.o
    0x08001918   0x08001918   0x00000010   Code   RO         5817    i.OP_pop            finsh_ops.o
    0x08001928   0x08001928   0x00000030   Code   RO         5818    i.OP_shl_byte       finsh_ops.o
    0x08001958   0x08001958   0x00000030   Code   RO         5819    i.OP_shl_dword      finsh_ops.o
    0x08001988   0x08001988   0x00000030   Code   RO         5820    i.OP_shl_word       finsh_ops.o
    0x080019b8   0x080019b8   0x00000030   Code   RO         5821    i.OP_shr_byte       finsh_ops.o
    0x080019e8   0x080019e8   0x00000030   Code   RO         5822    i.OP_shr_dword      finsh_ops.o
    0x08001a18   0x08001a18   0x00000030   Code   RO         5823    i.OP_shr_word       finsh_ops.o
    0x08001a48   0x08001a48   0x00000024   Code   RO         5824    i.OP_st_byte        finsh_ops.o
    0x08001a6c   0x08001a6c   0x00000024   Code   RO         5825    i.OP_st_dword       finsh_ops.o
    0x08001a90   0x08001a90   0x00000024   Code   RO         5826    i.OP_st_word        finsh_ops.o
    0x08001ab4   0x08001ab4   0x00000030   Code   RO         5827    i.OP_sub_byte       finsh_ops.o
    0x08001ae4   0x08001ae4   0x00000030   Code   RO         5828    i.OP_sub_dword      finsh_ops.o
    0x08001b14   0x08001b14   0x00000030   Code   RO         5829    i.OP_sub_word       finsh_ops.o
    0x08001b44   0x08001b44   0x00000030   Code   RO         5830    i.OP_xor_byte       finsh_ops.o
    0x08001b74   0x08001b74   0x00000030   Code   RO         5831    i.OP_xor_dword      finsh_ops.o
    0x08001ba4   0x08001ba4   0x00000030   Code   RO         5832    i.OP_xor_word       finsh_ops.o
    0x08001bd4   0x08001bd4   0x00000034   Code   RO         6374    i.PWM_Task_Entry    task.o
    0x08001c08   0x08001c08   0x0000002c   Code   RO         6375    i.PWN_Task_Init     task.o
    0x08001c34   0x08001c34   0x00000018   Code   RO         6434    i.Pwm_Init          pwm.o
    0x08001c4c   0x08001c4c   0x00000038   Code   RO         6435    i.Pwm_Out           pwm.o
    0x08001c84   0x08001c84   0x00000020   Code   RO         3294    i.RCC_APB1PeriphClockCmd  hal_rcc.o
    0x08001ca4   0x08001ca4   0x00000020   Code   RO         3296    i.RCC_APB2PeriphClockCmd  hal_rcc.o
    0x08001cc4   0x08001cc4   0x000000ec   Code   RO         3304    i.RCC_GetClocksFreq  hal_rcc.o
    0x08001db0   0x08001db0   0x00000008   Code   RO         1909    i.SetSysClock       system_mm32l3xx.o
    0x08001db8   0x08001db8   0x000000a0   Code   RO         1910    i.SetSysClockTo96_HSI  system_mm32l3xx.o
    0x08001e58   0x08001e58   0x00000010   Code   RO         1666    i.SysTick_Handler   board.o
    0x08001e68   0x08001e68   0x00000068   Code   RO         1911    i.SystemInit        system_mm32l3xx.o
    0x08001ed0   0x08001ed0   0x000000d4   Code   RO         6436    i.TIM3_PWM_Init     pwm.o
    0x08001fa4   0x08001fa4   0x000000c8   Code   RO         6437    i.TIM4_PWM_Init     pwm.o
    0x0800206c   0x0800206c   0x00000018   Code   RO         3742    i.TIM_ARRPreloadConfig  hal_tim.o
    0x08002084   0x08002084   0x00000018   Code   RO         3754    i.TIM_Cmd           hal_tim.o
    0x0800209c   0x0800209c   0x0000001e   Code   RO         3756    i.TIM_CtrlPWMOutputs  hal_tim.o
    0x080020ba   0x080020ba   0x00000002   PAD
    0x080020bc   0x080020bc   0x00000068   Code   RO         3783    i.TIM_OC1Init       hal_tim.o
    0x08002124   0x08002124   0x00000012   Code   RO         3786    i.TIM_OC1PreloadConfig  hal_tim.o
    0x08002136   0x08002136   0x00000002   PAD
    0x08002138   0x08002138   0x00000090   Code   RO         3788    i.TIM_OC2Init       hal_tim.o
    0x080021c8   0x080021c8   0x0000001a   Code   RO         3791    i.TIM_OC2PreloadConfig  hal_tim.o
    0x080021e2   0x080021e2   0x00000002   PAD
    0x080021e4   0x080021e4   0x0000008c   Code   RO         3793    i.TIM_OC3Init       hal_tim.o
    0x08002270   0x08002270   0x00000012   Code   RO         3796    i.TIM_OC3PreloadConfig  hal_tim.o
    0x08002282   0x08002282   0x00000002   PAD
    0x08002284   0x08002284   0x00000064   Code   RO         3798    i.TIM_OC4Init       hal_tim.o
    0x080022e8   0x080022e8   0x0000001a   Code   RO         3800    i.TIM_OC4PreloadConfig  hal_tim.o
    0x08002302   0x08002302   0x00000004   Code   RO         3815    i.TIM_SetCompare1   hal_tim.o
    0x08002306   0x08002306   0x00000004   Code   RO         3816    i.TIM_SetCompare2   hal_tim.o
    0x0800230a   0x0800230a   0x00000002   PAD
    0x0800230c   0x0800230c   0x00000030   Code   RO         3825    i.TIM_TimeBaseInit  hal_tim.o
    0x0800233c   0x0800233c   0x00000028   Code   RO         1713    i.UART1PINconfigStepA  drv_uart.o
    0x08002364   0x08002364   0x0000003c   Code   RO         1714    i.UART1PINconfigStepB  drv_uart.o
    0x080023a0   0x080023a0   0x00000044   Code   RO         1715    i.UART1_IRQHandler  drv_uart.o
    0x080023e4   0x080023e4   0x00000004   Code   RO         4299    i.UART_ClearITPendingBit  hal_uart.o
    0x080023e8   0x080023e8   0x00000018   Code   RO         4300    i.UART_Cmd          hal_uart.o
    0x08002400   0x08002400   0x00000012   Code   RO         4304    i.UART_GetITStatus  hal_uart.o
    0x08002412   0x08002412   0x00000012   Code   RO         4305    i.UART_ITConfig     hal_uart.o
    0x08002424   0x08002424   0x00000070   Code   RO         4306    i.UART_Init         hal_uart.o
    0x08002494   0x08002494   0x00000008   Code   RO         4307    i.UART_ReceiveData  hal_uart.o
    0x0800249c   0x0800249c   0x00000006   Code   RO         4308    i.UART_SendData     hal_uart.o
    0x080024a2   0x080024a2   0x00000002   PAD
    0x080024a4   0x080024a4   0x000001c8   Code   RO         6545    i.Uart1RxTest       blue_uart2.o
    0x0800266c   0x0800266c   0x00000144   Code   RO         6546    i.UartPortInit      blue_uart2.o
    0x080027b0   0x080027b0   0x0000004c   Code   RO          636    i.__rt_ffs          kservice.o
    0x080027fc   0x080027fc   0x00000028   Code   RO         1144    i._get_highest_priority_thread  scheduler.o
    0x08002824   0x08002824   0x00000014   Code   RO          263    i._has_defunct_thread  idle.o
    0x08002838   0x08002838   0x00000098   Code   RO         5477    i._msh_exec_cmd     msh.o
    0x080028d0   0x080028d0   0x00000048   Code   RO         4556    i._pin_control      pin.o
    0x08002918   0x08002918   0x00000054   Code   RO         4557    i._pin_read         pin.o
    0x0800296c   0x0800296c   0x00000054   Code   RO         4558    i._pin_write        pin.o
    0x080029c0   0x080029c0   0x000000c8   Code   RO         1145    i._rt_scheduler_stack_check  scheduler.o
    0x08002a88   0x08002a88   0x000000d0   Code   RO         1243    i._rt_thread_init   thread.o
    0x08002b58   0x08002b58   0x00000042   Code   RO         1392    i._rt_timer_init    timer.o
    0x08002b9a   0x08002b9a   0x0000002e   Code   RO         1393    i._rt_timer_remove  timer.o
    0x08002bc8   0x08002bc8   0x00000048   Code   RO         4625    i._serial_check_buffer_size  serial.o
    0x08002c10   0x08002c10   0x000000b8   Code   RO         4626    i._serial_int_rx    serial.o
    0x08002cc8   0x08002cc8   0x00000070   Code   RO         4627    i._serial_int_tx    serial.o
    0x08002d38   0x08002d38   0x0000005c   Code   RO         4628    i._serial_poll_rx   serial.o
    0x08002d94   0x08002d94   0x00000054   Code   RO         4629    i._serial_poll_tx   serial.o
    0x08002de8   0x08002de8   0x0000001e   Code   RO         1793    i.bit2bitno         drv_gpio.o
    0x08002e06   0x08002e06   0x00000002   PAD
    0x08002e08   0x08002e08   0x00000070   Code   RO         1667    i.bsp_clock_config  board.o
    0x08002e78   0x08002e78   0x000000fc   Code   RO         4492    i.bus_fault_track   cpuport.o
    0x08002f74   0x08002f74   0x0000000e   Code   RO         5478    i.cmd_free          msh.o
    0x08002f82   0x08002f82   0x0000000e   Code   RO         5479    i.cmd_ps            msh.o
    0x08002f90   0x08002f90   0x0000003e   Code   RO         5639    i.finsh_block_insert  finsh_heap.o
    0x08002fce   0x08002fce   0x0000007c   Code   RO         5640    i.finsh_block_merge  finsh_heap.o
    0x0800304a   0x0800304a   0x0000002e   Code   RO         5641    i.finsh_block_remove  finsh_heap.o
    0x08003078   0x08003078   0x00000018   Code   RO         5642    i.finsh_block_split  finsh_heap.o
    0x08003090   0x08003090   0x00001654   Code   RO         5558    i.finsh_compile     finsh_compiler.o
    0x080046e4   0x080046e4   0x00000070   Code   RO         5559    i.finsh_compiler_run  finsh_compiler.o
    0x08004754   0x08004754   0x0000000c   Code   RO         5605    i.finsh_errno       finsh_error.o
    0x08004760   0x08004760   0x0000000c   Code   RO         5606    i.finsh_error_init  finsh_error.o
    0x0800476c   0x0800476c   0x00000010   Code   RO         5607    i.finsh_error_set   finsh_error.o
    0x0800477c   0x0800477c   0x00000010   Code   RO         5608    i.finsh_error_string  finsh_error.o
    0x0800478c   0x0800478c   0x00000016   Code   RO         5692    i.finsh_flush       finsh_init.o
    0x080047a2   0x080047a2   0x00000002   PAD
    0x080047a4   0x080047a4   0x00000074   Code   RO         5209    i.finsh_get_prompt  shell.o
    0x08004818   0x08004818   0x0000005c   Code   RO         5211    i.finsh_getchar     shell.o
    0x08004874   0x08004874   0x00000074   Code   RO         5643    i.finsh_heap_allocate  finsh_heap.o
    0x080048e8   0x080048e8   0x0000002c   Code   RO         5644    i.finsh_heap_free   finsh_heap.o
    0x08004914   0x08004914   0x00000058   Code   RO         5645    i.finsh_heap_gc     finsh_heap.o
    0x0800496c   0x0800496c   0x00000030   Code   RO         5646    i.finsh_heap_init   finsh_heap.o
    0x0800499c   0x0800499c   0x0000001e   Code   RO         5693    i.finsh_init        finsh_init.o
    0x080049ba   0x080049ba   0x00000002   PAD
    0x080049bc   0x080049bc   0x0000003c   Code   RO         5728    i.finsh_node_allocate  finsh_node.o
    0x080049f8   0x080049f8   0x00000014   Code   RO         5729    i.finsh_node_init   finsh_node.o
    0x08004a0c   0x08004a0c   0x0000001e   Code   RO         5730    i.finsh_node_new_char  finsh_node.o
    0x08004a2a   0x08004a2a   0x00000076   Code   RO         5731    i.finsh_node_new_id  finsh_node.o
    0x08004aa0   0x08004aa0   0x0000001e   Code   RO         5732    i.finsh_node_new_int  finsh_node.o
    0x08004abe   0x08004abe   0x0000001e   Code   RO         5733    i.finsh_node_new_long  finsh_node.o
    0x08004adc   0x08004adc   0x0000001e   Code   RO         5734    i.finsh_node_new_ptr  finsh_node.o
    0x08004afa   0x08004afa   0x0000004a   Code   RO         5735    i.finsh_node_new_string  finsh_node.o
    0x08004b44   0x08004b44   0x00000010   Code   RO         6085    i.finsh_parser_init  finsh_parser.o
    0x08004b54   0x08004b54   0x000000dc   Code   RO         6086    i.finsh_parser_run  finsh_parser.o
    0x08004c30   0x08004c30   0x000000d4   Code   RO         5212    i.finsh_run_line    shell.o
    0x08004d04   0x08004d04   0x00000040   Code   RO         5213    i.finsh_rx_ind      shell.o
    0x08004d44   0x08004d44   0x000000dc   Code   RO         5214    i.finsh_set_device  shell.o
    0x08004e20   0x08004e20   0x00000048   Code   RO         5217    i.finsh_set_prompt_mode  shell.o
    0x08004e68   0x08004e68   0x0000000c   Code   RO         5695    i.finsh_stack_bottom  finsh_init.o
    0x08004e74   0x08004e74   0x0000005c   Code   RO         6250    i.finsh_syscall_lookup  finsh_vm.o
    0x08004ed0   0x08004ed0   0x00000014   Code   RO         5218    i.finsh_system_function_init  shell.o
    0x08004ee4   0x08004ee4   0x000000ac   Code   RO         5219    i.finsh_system_init  shell.o
    0x08004f90   0x08004f90   0x00000014   Code   RO         5220    i.finsh_system_var_init  shell.o
    0x08004fa4   0x08004fa4   0x0000005c   Code   RO         6197    i.finsh_sysvar_lookup  finsh_var.o
    0x08005000   0x08005000   0x00000558   Code   RO         5221    i.finsh_thread_entry  shell.o
    0x08005558   0x08005558   0x00000014   Code   RO         6285    i.finsh_token_init  finsh_token.o
    0x0800556c   0x0800556c   0x00000018   Code   RO         6286    i.finsh_token_token  finsh_token.o
    0x08005584   0x08005584   0x0000015e   Code   RO         5560    i.finsh_type_check  finsh_compiler.o
    0x080056e2   0x080056e2   0x00000002   PAD
    0x080056e4   0x080056e4   0x00000014   Code   RO         6199    i.finsh_var_init    finsh_var.o
    0x080056f8   0x080056f8   0x00000078   Code   RO         6200    i.finsh_var_insert  finsh_var.o
    0x08005770   0x08005770   0x00000040   Code   RO         6201    i.finsh_var_lookup  finsh_var.o
    0x080057b0   0x080057b0   0x00000054   Code   RO         6251    i.finsh_vm_run      finsh_vm.o
    0x08005804   0x08005804   0x00000020   Code   RO         1794    i.get_pin           drv_gpio.o
    0x08005824   0x08005824   0x00000080   Code   RO         4493    i.hard_fault_track  cpuport.o
    0x080058a4   0x080058a4   0x00000020   Code   RO         5336    i.hello             cmd.o
    0x080058c4   0x080058c4   0x00000032   Code   RO         6547    i.inbyte            blue_uart2.o
    0x080058f6   0x080058f6   0x00000002   PAD
    0x080058f8   0x080058f8   0x000000dc   Code   RO         5337    i.list              cmd.o
    0x080059d4   0x080059d4   0x00000118   Code   RO         5338    i.list_device       cmd.o
    0x08005aec   0x08005aec   0x00000144   Code   RO         5339    i.list_event        cmd.o
    0x08005c30   0x08005c30   0x0000002a   Code   RO         5340    i.list_find_init    cmd.o
    0x08005c5a   0x08005c5a   0x00000088   Code   RO         5341    i.list_get_next     cmd.o
    0x08005ce2   0x08005ce2   0x00000002   PAD
    0x08005ce4   0x08005ce4   0x0000015c   Code   RO         5342    i.list_mailbox      cmd.o
    0x08005e40   0x08005e40   0x00000078   Code   RO          840    i.list_mem          mem.o
    0x08005eb8   0x08005eb8   0x00000120   Code   RO         5343    i.list_memheap      cmd.o
    0x08005fd8   0x08005fd8   0x00000174   Code   RO         5344    i.list_mempool      cmd.o
    0x0800614c   0x0800614c   0x00000144   Code   RO         5345    i.list_msgqueue     cmd.o
    0x08006290   0x08006290   0x0000010c   Code   RO         5346    i.list_mutex        cmd.o
    0x0800639c   0x0800639c   0x00000210   Code   RO         5347    i.list_prefix       cmd.o
    0x080065ac   0x080065ac   0x00000138   Code   RO         5348    i.list_sem          cmd.o
    0x080066e4   0x080066e4   0x000001e4   Code   RO         5349    i.list_thread       cmd.o
    0x080068c8   0x080068c8   0x00000160   Code   RO         5350    i.list_timer        cmd.o
    0x08006a28   0x08006a28   0x00000012   Code   RO         1516    i.main              main.o
    0x08006a3a   0x08006a3a   0x0000000e   Code   RO          104    i.main_thread_entry  components.o
    0x08006a48   0x08006a48   0x00000028   Code   RO         6087    i.make_sys_node     finsh_parser.o
    0x08006a70   0x08006a70   0x000000e8   Code   RO         4494    i.mem_manage_fault_track  cpuport.o
    0x08006b58   0x08006b58   0x000000e0   Code   RO         1795    i.mm32_pin_attach_irq  drv_gpio.o
    0x08006c38   0x08006c38   0x0000008c   Code   RO         1796    i.mm32_pin_detach_irq  drv_gpio.o
    0x08006cc4   0x08006cc4   0x00000160   Code   RO         1797    i.mm32_pin_irq_enable  drv_gpio.o
    0x08006e24   0x08006e24   0x00000070   Code   RO         1798    i.mm32_pin_mode     drv_gpio.o
    0x08006e94   0x08006e94   0x00000030   Code   RO         1799    i.mm32_pin_read     drv_gpio.o
    0x08006ec4   0x08006ec4   0x00000034   Code   RO         1800    i.mm32_pin_write    drv_gpio.o
    0x08006ef8   0x08006ef8   0x000000a4   Code   RO         1716    i.mm32_uart_configure  drv_uart.o
    0x08006f9c   0x08006f9c   0x0000008c   Code   RO         1717    i.mm32_uart_control  drv_uart.o
    0x08007028   0x08007028   0x00000044   Code   RO         1718    i.mm32_uart_getc    drv_uart.o
    0x0800706c   0x0800706c   0x00000044   Code   RO         1719    i.mm32_uart_putc    drv_uart.o
    0x080070b0   0x080070b0   0x000000a0   Code   RO         5480    i.msh_auto_complete  msh.o
    0x08007150   0x08007150   0x00000010   Code   RO         5481    i.msh_enter         msh.o
    0x08007160   0x08007160   0x0000006c   Code   RO         5482    i.msh_exec          msh.o
    0x080071cc   0x080071cc   0x00000010   Code   RO         5483    i.msh_exit          msh.o
    0x080071dc   0x080071dc   0x0000005c   Code   RO         5484    i.msh_get_cmd       msh.o
    0x08007238   0x08007238   0x00000080   Code   RO         5485    i.msh_help          msh.o
    0x080072b8   0x080072b8   0x0000000c   Code   RO         5486    i.msh_is_used       msh.o
    0x080072c4   0x080072c4   0x000000f0   Code   RO         5487    i.msh_split         msh.o
    0x080073b4   0x080073b4   0x0000001c   Code   RO         5351    i.object_split      cmd.o
    0x080073d0   0x080073d0   0x00000044   Code   RO         1801    i.pin_irq_hdr       drv_gpio.o
    0x08007414   0x08007414   0x0000010c   Code   RO          841    i.plug_holes        mem.o
    0x08007520   0x08007520   0x00000198   Code   RO          638    i.print_number      kservice.o
    0x080076b8   0x080076b8   0x00000072   Code   RO         6088    i.proc_additive_expr  finsh_parser.o
    0x0800772a   0x0800772a   0x0000004c   Code   RO         6089    i.proc_and_expr     finsh_parser.o
    0x08007776   0x08007776   0x00000038   Code   RO         6090    i.proc_assign_expr  finsh_parser.o
    0x080077ae   0x080077ae   0x0000004e   Code   RO         6091    i.proc_cast_expr    finsh_parser.o
    0x080077fc   0x080077fc   0x0000004c   Code   RO         6092    i.proc_exclusive_or_expr  finsh_parser.o
    0x08007848   0x08007848   0x0000000c   Code   RO         6093    i.proc_expr         finsh_parser.o
    0x08007854   0x08007854   0x00000038   Code   RO         6094    i.proc_expr_statement  finsh_parser.o
    0x0800788c   0x0800788c   0x0000002c   Code   RO         6095    i.proc_identifier   finsh_parser.o
    0x080078b8   0x080078b8   0x0000004c   Code   RO         6096    i.proc_inclusive_or_expr  finsh_parser.o
    0x08007904   0x08007904   0x0000008a   Code   RO         6097    i.proc_multiplicative_expr  finsh_parser.o
    0x0800798e   0x0800798e   0x0000004c   Code   RO         6098    i.proc_param_list   finsh_parser.o
    0x080079da   0x080079da   0x000000a2   Code   RO         6099    i.proc_postfix_expr  finsh_parser.o
    0x08007a7c   0x08007a7c   0x0000009e   Code   RO         6100    i.proc_primary_expr  finsh_parser.o
    0x08007b1a   0x08007b1a   0x00000074   Code   RO         6101    i.proc_shift_expr   finsh_parser.o
    0x08007b8e   0x08007b8e   0x000000fa   Code   RO         6102    i.proc_type         finsh_parser.o
    0x08007c88   0x08007c88   0x000000be   Code   RO         6103    i.proc_unary_expr   finsh_parser.o
    0x08007d46   0x08007d46   0x000001da   Code   RO         6104    i.proc_variable_decl  finsh_parser.o
    0x08007f20   0x08007f20   0x00000050   Code   RO          105    i.rt_application_init  components.o
    0x08007f70   0x08007f70   0x00000074   Code   RO          639    i.rt_assert_handler  kservice.o
    0x08007fe4   0x08007fe4   0x00000022   Code   RO          842    i.rt_calloc         mem.o
    0x08008006   0x08008006   0x00000002   PAD
    0x08008008   0x08008008   0x00000068   Code   RO         4704    i.rt_completion_done  completion.o
    0x08008070   0x08008070   0x00000048   Code   RO         4705    i.rt_completion_init  completion.o
    0x080080b8   0x080080b8   0x00000140   Code   RO         4706    i.rt_completion_wait  completion.o
    0x080081f8   0x080081f8   0x0000001c   Code   RO          106    i.rt_components_board_init  components.o
    0x08008214   0x08008214   0x0000001c   Code   RO          107    i.rt_components_init  components.o
    0x08008230   0x08008230   0x0000000c   Code   RO          641    i.rt_console_get_device  kservice.o
    0x0800823c   0x0800823c   0x00000034   Code   RO          642    i.rt_console_set_device  kservice.o
    0x08008270   0x08008270   0x000000ac   Code   RO          172    i.rt_device_close   device.o
    0x0800831c   0x0800831c   0x0000007c   Code   RO          176    i.rt_device_find    device.o
    0x08008398   0x08008398   0x00000148   Code   RO          179    i.rt_device_open    device.o
    0x080084e0   0x080084e0   0x00000048   Code   RO         4559    i.rt_device_pin_register  pin.o
    0x08008528   0x08008528   0x000000b4   Code   RO          180    i.rt_device_read    device.o
    0x080085dc   0x080085dc   0x00000034   Code   RO          181    i.rt_device_register  device.o
    0x08008610   0x08008610   0x00000080   Code   RO          182    i.rt_device_set_rx_indicate  device.o
    0x08008690   0x08008690   0x000000b4   Code   RO          185    i.rt_device_write   device.o
    0x08008744   0x08008744   0x00000020   Code   RO         1147    i.rt_enter_critical  scheduler.o
    0x08008764   0x08008764   0x00000044   Code   RO         1148    i.rt_exit_critical  scheduler.o
    0x080087a8   0x080087a8   0x00000208   Code   RO          843    i.rt_free           mem.o
    0x080089b0   0x080089b0   0x0000002c   Code   RO         1668    i.rt_hw_board_init  board.o
    0x080089dc   0x080089dc   0x00000002   Code   RO          645    i.rt_hw_console_output  kservice.o
    0x080089de   0x080089de   0x00000002   PAD
    0x080089e0   0x080089e0   0x00000208   Code   RO         4498    i.rt_hw_hard_fault_exception  cpuport.o
    0x08008be8   0x08008be8   0x0000001c   Code   RO         1802    i.rt_hw_pin_init    drv_gpio.o
    0x08008c04   0x08008c04   0x000000f8   Code   RO         4630    i.rt_hw_serial_isr  serial.o
    0x08008cfc   0x08008cfc   0x00000080   Code   RO         4631    i.rt_hw_serial_register  serial.o
    0x08008d7c   0x08008d7c   0x0000004c   Code   RO         4499    i.rt_hw_stack_init  cpuport.o
    0x08008dc8   0x08008dc8   0x00000060   Code   RO         1720    i.rt_hw_uart_init   drv_uart.o
    0x08008e28   0x08008e28   0x00000038   Code   RO          597    i.rt_interrupt_enter  irq.o
    0x08008e60   0x08008e60   0x0000001c   Code   RO          599    i.rt_interrupt_get_nest  irq.o
    0x08008e7c   0x08008e7c   0x00000038   Code   RO          600    i.rt_interrupt_leave  irq.o
    0x08008eb4   0x08008eb4   0x00000018   Code   RO          323    i.rt_ipc_list_resume  ipc.o
    0x08008ecc   0x08008ecc   0x0000006c   Code   RO          325    i.rt_ipc_list_suspend  ipc.o
    0x08008f38   0x08008f38   0x00000010   Code   RO          326    i.rt_ipc_object_init  ipc.o
    0x08008f48   0x08008f48   0x00000068   Code   RO          646    i.rt_kprintf        kservice.o
    0x08008fb0   0x08008fb0   0x00000006   Code   RO          327    i.rt_list_init      ipc.o
    0x08008fb6   0x08008fb6   0x00000006   Code   RO         1149    i.rt_list_init      scheduler.o
    0x08008fbc   0x08008fbc   0x00000006   Code   RO         1394    i.rt_list_init      timer.o
    0x08008fc2   0x08008fc2   0x0000000e   Code   RO         1037    i.rt_list_insert_after  object.o
    0x08008fd0   0x08008fd0   0x0000000e   Code   RO         1244    i.rt_list_insert_after  thread.o
    0x08008fde   0x08008fde   0x0000000e   Code   RO         1395    i.rt_list_insert_after  timer.o
    0x08008fec   0x08008fec   0x0000000e   Code   RO          328    i.rt_list_insert_before  ipc.o
    0x08008ffa   0x08008ffa   0x00000010   Code   RO          329    i.rt_list_isempty   ipc.o
    0x0800900a   0x0800900a   0x00000010   Code   RO         1396    i.rt_list_isempty   timer.o
    0x0800901a   0x0800901a   0x00000010   Code   RO         4707    i.rt_list_isempty   completion.o
    0x0800902a   0x0800902a   0x00000010   Code   RO         5352    i.rt_list_isempty   cmd.o
    0x0800903a   0x0800903a   0x00000014   Code   RO         5353    i.rt_list_len       cmd.o
    0x0800904e   0x0800904e   0x00000012   Code   RO         1038    i.rt_list_remove    object.o
    0x08009060   0x08009060   0x00000012   Code   RO         1245    i.rt_list_remove    thread.o
    0x08009072   0x08009072   0x00000002   PAD
    0x08009074   0x08009074   0x000002bc   Code   RO          845    i.rt_malloc         mem.o
    0x08009330   0x08009330   0x00000042   Code   RO          651    i.rt_memmove        kservice.o
    0x08009372   0x08009372   0x00000048   Code   RO          652    i.rt_memset         kservice.o
    0x080093ba   0x080093ba   0x00000002   PAD
    0x080093bc   0x080093bc   0x000000ec   Code   RO         1039    i.rt_object_allocate  object.o
    0x080094a8   0x080094a8   0x000000a0   Code   RO         1041    i.rt_object_delete  object.o
    0x08009548   0x08009548   0x0000005c   Code   RO         1042    i.rt_object_detach  object.o
    0x080095a4   0x080095a4   0x00000028   Code   RO         1045    i.rt_object_get_information  object.o
    0x080095cc   0x080095cc   0x00000034   Code   RO         1046    i.rt_object_get_type  object.o
    0x08009600   0x08009600   0x000000bc   Code   RO         1047    i.rt_object_init    object.o
    0x080096bc   0x080096bc   0x0000003c   Code   RO         1048    i.rt_object_is_systemobject  object.o
    0x080096f8   0x080096f8   0x00000048   Code   RO         4563    i.rt_pin_mode       pin.o
    0x08009740   0x08009740   0x00000044   Code   RO         4564    i.rt_pin_read       pin.o
    0x08009784   0x08009784   0x00000048   Code   RO         4565    i.rt_pin_write      pin.o
    0x080097cc   0x080097cc   0x00000144   Code   RO         1150    i.rt_schedule       scheduler.o
    0x08009910   0x08009910   0x0000009c   Code   RO         1151    i.rt_schedule_insert_thread  scheduler.o
    0x080099ac   0x080099ac   0x00000080   Code   RO         1152    i.rt_schedule_remove_thread  scheduler.o
    0x08009a2c   0x08009a2c   0x0000006c   Code   RO          358    i.rt_sem_init       ipc.o
    0x08009a98   0x08009a98   0x00000090   Code   RO          359    i.rt_sem_release    ipc.o
    0x08009b28   0x08009b28   0x000001a4   Code   RO          360    i.rt_sem_take       ipc.o
    0x08009ccc   0x08009ccc   0x000000d4   Code   RO         4632    i.rt_serial_close   serial.o
    0x08009da0   0x08009da0   0x000000a4   Code   RO         4633    i.rt_serial_control  serial.o
    0x08009e44   0x08009e44   0x00000048   Code   RO         4634    i.rt_serial_init    serial.o
    0x08009e8c   0x08009e8c   0x00000194   Code   RO         4635    i.rt_serial_open    serial.o
    0x0800a020   0x0800a020   0x00000058   Code   RO         4636    i.rt_serial_read    serial.o
    0x0800a078   0x0800a078   0x00000058   Code   RO         4637    i.rt_serial_write   serial.o
    0x0800a0d0   0x0800a0d0   0x00000028   Code   RO          653    i.rt_set_errno      kservice.o
    0x0800a0f8   0x0800a0f8   0x000000b0   Code   RO          654    i.rt_show_version   kservice.o
    0x0800a1a8   0x0800a1a8   0x00000022   Code   RO          656    i.rt_sprintf        kservice.o
    0x0800a1ca   0x0800a1ca   0x00000012   Code   RO          660    i.rt_strlen         kservice.o
    0x0800a1dc   0x0800a1dc   0x00000028   Code   RO          661    i.rt_strncmp        kservice.o
    0x0800a204   0x0800a204   0x00000034   Code   RO          662    i.rt_strncpy        kservice.o
    0x0800a238   0x0800a238   0x00000154   Code   RO          849    i.rt_system_heap_init  mem.o
    0x0800a38c   0x0800a38c   0x00000040   Code   RO         1154    i.rt_system_scheduler_init  scheduler.o
    0x0800a3cc   0x0800a3cc   0x00000028   Code   RO         1155    i.rt_system_scheduler_start  scheduler.o
    0x0800a3f4   0x0800a3f4   0x0000001c   Code   RO         1397    i.rt_system_timer_init  timer.o
    0x0800a410   0x0800a410   0x00000002   Code   RO         1398    i.rt_system_timer_thread_init  timer.o
    0x0800a412   0x0800a412   0x00000050   Code   RO         1247    i.rt_thread_create  thread.o
    0x0800a462   0x0800a462   0x00000002   PAD
    0x0800a464   0x0800a464   0x00000054   Code   RO         1252    i.rt_thread_exit    thread.o
    0x0800a4b8   0x0800a4b8   0x00000028   Code   RO          265    i.rt_thread_idle_entry  idle.o
    0x0800a4e0   0x0800a4e0   0x000000e4   Code   RO          266    i.rt_thread_idle_excute  idle.o
    0x0800a5c4   0x0800a5c4   0x00000060   Code   RO          268    i.rt_thread_idle_init  idle.o
    0x0800a624   0x0800a624   0x0000007c   Code   RO         1254    i.rt_thread_init    thread.o
    0x0800a6a0   0x0800a6a0   0x00000014   Code   RO         1256    i.rt_thread_mdelay  thread.o
    0x0800a6b4   0x0800a6b4   0x0000009c   Code   RO         1257    i.rt_thread_resume  thread.o
    0x0800a750   0x0800a750   0x0000000c   Code   RO         1259    i.rt_thread_self    thread.o
    0x0800a75c   0x0800a75c   0x00000080   Code   RO         1260    i.rt_thread_sleep   thread.o
    0x0800a7dc   0x0800a7dc   0x000000c4   Code   RO         1261    i.rt_thread_startup  thread.o
    0x0800a8a0   0x0800a8a0   0x000000dc   Code   RO         1262    i.rt_thread_suspend  thread.o
    0x0800a97c   0x0800a97c   0x000000b4   Code   RO         1264    i.rt_thread_timeout  thread.o
    0x0800aa30   0x0800aa30   0x0000000a   Code   RO         1265    i.rt_thread_yield   thread.o
    0x0800aa3a   0x0800aa3a   0x0000003a   Code   RO            2    i.rt_tick_from_millisecond  clock.o
    0x0800aa74   0x0800aa74   0x0000000c   Code   RO            3    i.rt_tick_get       clock.o
    0x0800aa80   0x0800aa80   0x0000003c   Code   RO            4    i.rt_tick_increase  clock.o
    0x0800aabc   0x0800aabc   0x000000b4   Code   RO         1399    i.rt_timer_check    timer.o
    0x0800ab70   0x0800ab70   0x000000c8   Code   RO         1400    i.rt_timer_control  timer.o
    0x0800ac38   0x0800ac38   0x000000d4   Code   RO         1403    i.rt_timer_detach   timer.o
    0x0800ad0c   0x0800ad0c   0x00000054   Code   RO         1406    i.rt_timer_init     timer.o
    0x0800ad60   0x0800ad60   0x000001c0   Code   RO         1409    i.rt_timer_start    timer.o
    0x0800af20   0x0800af20   0x000000c0   Code   RO         1410    i.rt_timer_stop     timer.o
    0x0800afe0   0x0800afe0   0x00000330   Code   RO          665    i.rt_vsnprintf      kservice.o
    0x0800b310   0x0800b310   0x00000016   Code   RO          666    i.rt_vsprintf       kservice.o
    0x0800b326   0x0800b326   0x00000004   Code   RO          108    i.rti_board_end     components.o
    0x0800b32a   0x0800b32a   0x00000004   Code   RO          109    i.rti_board_start   components.o
    0x0800b32e   0x0800b32e   0x00000004   Code   RO          110    i.rti_end           components.o
    0x0800b332   0x0800b332   0x00000004   Code   RO          111    i.rti_start         components.o
    0x0800b336   0x0800b336   0x0000002a   Code   RO          112    i.rtthread_startup  components.o
    0x0800b360   0x0800b360   0x00000040   Code   RO         5222    i.shell_auto_complete  shell.o
    0x0800b3a0   0x0800b3a0   0x00000030   Code   RO         5223    i.shell_handle_history  shell.o
    0x0800b3d0   0x0800b3d0   0x000000d8   Code   RO         5224    i.shell_push_history  shell.o
    0x0800b4a8   0x0800b4a8   0x00000030   Code   RO         5354    i.show_wait_queue   cmd.o
    0x0800b4d8   0x0800b4d8   0x00000026   Code   RO          667    i.skip_atoi         kservice.o
    0x0800b4fe   0x0800b4fe   0x00000020   Code   RO         5355    i.str_common        cmd.o
    0x0800b51e   0x0800b51e   0x00000020   Code   RO         5488    i.str_common        msh.o
    0x0800b53e   0x0800b53e   0x00000022   Code   RO         5356    i.str_is_prefix     cmd.o
    0x0800b560   0x0800b560   0x00000078   Code   RO         6287    i.token_get_string  finsh_token.o
    0x0800b5d8   0x0800b5d8   0x00000034   Code   RO         6288    i.token_match_name  finsh_token.o
    0x0800b60c   0x0800b60c   0x0000003e   Code   RO         6289    i.token_next_char   finsh_token.o
    0x0800b64a   0x0800b64a   0x00000016   Code   RO         6290    i.token_prev_char   finsh_token.o
    0x0800b660   0x0800b660   0x000000a2   Code   RO         6291    i.token_proc_char   finsh_token.o
    0x0800b702   0x0800b702   0x000000d6   Code   RO         6292    i.token_proc_escape  finsh_token.o
    0x0800b7d8   0x0800b7d8   0x00000120   Code   RO         6293    i.token_proc_number  finsh_token.o
    0x0800b8f8   0x0800b8f8   0x00000050   Code   RO         6294    i.token_proc_string  finsh_token.o
    0x0800b948   0x0800b948   0x0000019e   Code   RO         6295    i.token_run         finsh_token.o
    0x0800bae6   0x0800bae6   0x00000098   Code   RO         6296    i.token_spec_number  finsh_token.o
    0x0800bb7e   0x0800bb7e   0x00000022   Code   RO         6297    i.token_trim_space  finsh_token.o
    0x0800bba0   0x0800bba0   0x0000002a   Code   RO         6548    i.uart_send         blue_uart2.o
    0x0800bbca   0x0800bbca   0x00000002   PAD
    0x0800bbcc   0x0800bbcc   0x000000e8   Code   RO         4500    i.usage_fault_track  cpuport.o
    0x0800bcb4   0x0800bcb4   0x0000000a   Code   RO         5357    i.version           cmd.o
    0x0800bcbe   0x0800bcbe   0x00000002   PAD
    0x0800bcc0   0x0800bcc0   0x0000002c   Code   RO         6658    locale$$code        c_w.l(lc_ctype_c.o)
    0x0800bcec   0x0800bcec   0x00000014   Data   RO          113    .constdata          components.o
    0x0800bd00   0x0800bd00   0x000000c9   Data   RO          186    .constdata          device.o
    0x0800bdc9   0x0800bdc9   0x00000016   Data   RO          271    .constdata          idle.o
    0x0800bddf   0x0800bddf   0x000001fc   Data   RO          362    .constdata          ipc.o
    0x0800bfdb   0x0800bfdb   0x00000122   Data   RO          669    .constdata          kservice.o
    0x0800c0fd   0x0800c0fd   0x0000003c   Data   RO          851    .constdata          mem.o
    0x0800c139   0x0800c139   0x00000080   Data   RO         1053    .constdata          object.o
    0x0800c1b9   0x0800c1b9   0x0000004e   Data   RO         1157    .constdata          scheduler.o
    0x0800c207   0x0800c207   0x000000cf   Data   RO         1266    .constdata          thread.o
    0x0800c2d6   0x0800c2d6   0x0000005c   Data   RO         1411    .constdata          timer.o
    0x0800c332   0x0800c332   0x00000002   PAD
    0x0800c334   0x0800c334   0x00000060   Data   RO         1722    .constdata          drv_uart.o
    0x0800c394   0x0800c394   0x000004ac   Data   RO         1803    .constdata          drv_gpio.o
    0x0800c840   0x0800c840   0x0000007d   Data   RO         4567    .constdata          pin.o
    0x0800c8bd   0x0800c8bd   0x000000c4   Data   RO         4638    .constdata          serial.o
    0x0800c981   0x0800c981   0x00000039   Data   RO         4708    .constdata          completion.o
    0x0800c9ba   0x0800c9ba   0x00000087   Data   RO         5226    .constdata          shell.o
    0x0800ca41   0x0800ca41   0x00000003   PAD
    0x0800ca44   0x0800ca44   0x00000058   Data   RO         5358    .constdata          cmd.o
    0x0800ca9c   0x0800ca9c   0x0000000e   Data   RO         5489    .constdata          msh.o
    0x0800caaa   0x0800caaa   0x00000002   PAD
    0x0800caac   0x0800caac   0x000000c4   Data   RO         5833    .constdata          finsh_ops.o
    0x0800cb70   0x0800cb70   0x00000040   Data   RO         6298    .constdata          finsh_token.o
    0x0800cbb0   0x0800cbb0   0x00000045   Data   RO          363    .conststring        ipc.o
    0x0800cbf5   0x0800cbf5   0x00000003   PAD
    0x0800cbf8   0x0800cbf8   0x000000eb   Data   RO          852    .conststring        mem.o
    0x0800cce3   0x0800cce3   0x00000001   PAD
    0x0800cce4   0x0800cce4   0x00000042   Data   RO         1267    .conststring        thread.o
    0x0800cd26   0x0800cd26   0x00000002   PAD
    0x0800cd28   0x0800cd28   0x00000063   Data   RO         4639    .conststring        serial.o
    0x0800cd8b   0x0800cd8b   0x00000001   PAD
    0x0800cd8c   0x0800cd8c   0x0000017d   Data   RO         5359    .conststring        cmd.o
    0x0800cf09   0x0800cf09   0x00000003   PAD
    0x0800cf0c   0x0800cf0c   0x000000f3   Data   RO         5609    .conststring        finsh_error.o
    0x0800cfff   0x0800cfff   0x00000001   PAD
    0x0800d000   0x0800d000   0x0000003e   Data   RO         6299    .conststring        finsh_token.o
    0x0800d03e   0x0800d03e   0x00000027   Data   RO          854    .rodata.name        mem.o
    0x0800d065   0x0800d065   0x00000069   Data   RO         4568    .rodata.name        pin.o
    0x0800d0ce   0x0800d0ce   0x000003a4   Data   RO         5361    .rodata.name        cmd.o
    0x0800d472   0x0800d472   0x000000b6   Data   RO         5491    .rodata.name        msh.o
    0x0800d528   0x0800d528   0x00000004   Data   RO          114    .rti_fn.0           components.o
    0x0800d52c   0x0800d52c   0x00000004   Data   RO          115    .rti_fn.0.end       components.o
    0x0800d530   0x0800d530   0x00000004   Data   RO         1724    .rti_fn.1           drv_uart.o
    0x0800d534   0x0800d534   0x00000004   Data   RO         1805    .rti_fn.1           drv_gpio.o
    0x0800d538   0x0800d538   0x00000004   Data   RO          116    .rti_fn.1.end       components.o
    0x0800d53c   0x0800d53c   0x00000004   Data   RO         5228    .rti_fn.6           shell.o
    0x0800d540   0x0800d540   0x00000004   Data   RO          117    .rti_fn.6.end       components.o
    0x0800d544   0x0800d544   0x0000000c   Data   RO          855    FSymTab             mem.o
    0x0800d550   0x0800d550   0x00000024   Data   RO         4569    FSymTab             pin.o
    0x0800d574   0x0800d574   0x00000120   Data   RO         5362    FSymTab             cmd.o
    0x0800d694   0x0800d694   0x0000003c   Data   RO         5492    FSymTab             msh.o
    0x0800d6d0   0x0800d6d0   0x00000020   Data   RO         6792    Region$$Table       anon$$obj.o
    0x0800d6f0   0x0800d6f0   0x00000010   Data   RO         5363    VSymTab             cmd.o
    0x0800d700   0x0800d700   0x00000110   Data   RO         6657    locale$$data        c_w.l(lc_ctype_c.o)


    Execution Region RW_IRAM1 (Exec base: 0x20000000, Load base: 0x0800d810, Size: 0x00001170, Max: 0x00005000, ABSOLUTE, COMPRESSED[0x000000b8])

    Exec Addr    Load Addr    Size         Type   Attr      Idx    E Section Name        Object

    0x20000000   COMPRESSED   0x00000004   Data   RW            6    .data               clock.o
    0x20000004   COMPRESSED   0x00000009   Data   RW          602    .data               irq.o
    0x2000000d   COMPRESSED   0x00000003   PAD
    0x20000010   COMPRESSED   0x0000000c   Data   RW          670    .data               kservice.o
    0x2000001c   COMPRESSED   0x00000020   Data   RW          853    .data               mem.o
    0x2000003c   COMPRESSED   0x000000b4   Data   RW         1054    .data               object.o
    0x200000f0   COMPRESSED   0x0000001c   Data   RW         1158    .data               scheduler.o
    0x2000010c   COMPRESSED   0x0000000c   Data   RW         1268    .data               thread.o
    0x20000118   COMPRESSED   0x00000014   Data   RW         1412    .data               timer.o
    0x2000012c   COMPRESSED   0x00000008   Data   RW         1723    .data               drv_uart.o
    0x20000134   COMPRESSED   0x000000c0   Data   RW         1804    .data               drv_gpio.o
    0x200001f4   COMPRESSED   0x00000014   Data   RW         1912    .data               system_mm32l3xx.o
    0x20000208   COMPRESSED   0x00000014   Data   RW         3325    .data               hal_rcc.o
    0x2000021c   COMPRESSED   0x00000010   Data   RW         4502    .data               cpuport.o
    0x2000022c   COMPRESSED   0x00000004   Data   RW         4640    .data               serial.o
    0x20000230   COMPRESSED   0x00000018   Data   RW         5227    .data               shell.o
    0x20000248   COMPRESSED   0x00000004   Data   RW         5360    .data               cmd.o
    0x2000024c   COMPRESSED   0x00000004   Data   RW         5490    .data               msh.o
    0x20000250   COMPRESSED   0x00000008   Data   RW         5561    .data               finsh_compiler.o
    0x20000258   COMPRESSED   0x00000040   Data   RW         5610    .data               finsh_error.o
    0x20000298   COMPRESSED   0x00000008   Data   RW         5648    .data               finsh_heap.o
    0x200002a0   COMPRESSED   0x00000004   Data   RW         6203    .data               finsh_var.o
    0x200002a4   COMPRESSED   0x0000000c   Data   RW         6253    .data               finsh_vm.o
    0x200002b0   COMPRESSED   0x0000000e   Data   RW         6438    .data               pwm.o
    0x200002be   COMPRESSED   0x00000002   Data   RW         6485    .data               key.o
    0x200002c0        -       0x00000190   Zero   RW          270    .bss                idle.o
    0x20000450        -       0x00000080   Zero   RW          668    .bss                kservice.o
    0x200004d0        -       0x00000020   Zero   RW          850    .bss                mem.o
    0x200004f0        -       0x00000100   Zero   RW         1156    .bss                scheduler.o
    0x200005f0        -       0x00000054   Zero   RW         1721    .bss                drv_uart.o
    0x20000644        -       0x00000044   Zero   RW         4566    .bss                pin.o
    0x20000688        -       0x00000081   Zero   RW         5225    .bss                shell.o
    0x20000709   COMPRESSED   0x00000003   PAD
    0x2000070c        -       0x00000080   Zero   RW         5647    .bss                finsh_heap.o
    0x2000078c        -       0x00000140   Zero   RW         5736    .bss                finsh_node.o
    0x200008cc        -       0x000000c0   Zero   RW         6202    .bss                finsh_var.o
    0x2000098c        -       0x00000180   Zero   RW         6252    .bss                finsh_vm.o
    0x20000b0c        -       0x00000060   Zero   RW         6627    .bss                c_w.l(libspace.o)
    0x20000b6c   COMPRESSED   0x00000004   PAD
    0x20000b70        -       0x00000200   Zero   RW         4452    HEAP                startup_mm32l3xx.o
    0x20000d70        -       0x00000400   Zero   RW         4451    STACK               startup_mm32l3xx.o


==============================================================================

Image component sizes


      Code (inc. data)   RO Data    RW Data    ZI Data      Debug   Object Name

       872         48          0          0          0       3270   blue_uart2.o
       172         30          0          0          0      23672   board.o
       130         12          0          4          0      19446   clock.o
      4498       1500       1705          4          0      26666   cmd.o
       512        180         57          0          0       6131   completion.o
       218         50         36          0          0       5924   components.o
       244         26          0          0          0        796   context_rvds.o
      1440        724          0         16          0       5570   cpuport.o
      1164        512        201          0          0       8912   device.o
      1370         42       1200        192          0      12378   drv_gpio.o
       704        172        100          8         84      28160   drv_uart.o
      6178        158          0          8          0      10874   finsh_compiler.o
        56         22        243         64          0       2911   finsh_error.o
       552         42          0          8        128       6199   finsh_heap.o
        64          6          0          0          0       2220   finsh_init.o
       392          8          0          0        320       6250   finsh_node.o
      3034        294        196          0          0      27114   finsh_ops.o
      2428         32          0          0          0      17135   finsh_parser.o
      1644         16        126          0          0      10798   finsh_token.o
       296         32          0          4        192       7106   finsh_var.o
       176         36          0         12        384       5709   finsh_vm.o
       236         22          0          0          0       2180   hal_exti.o
       468         10          0          0          0       5044   hal_gpio.o
       128         14          0          0          0       1096   hal_misc.o
       300         36          0         20          0       4582   hal_rcc.o
       710         24          0          0          0      11885   hal_tim.o
       190          4          0          0          0       4898   hal_uart.o
       384         84         22          0        400       5938   idle.o
       856        202        577          0          0      34328   ipc.o
       140         26          0          9          0       2282   irq.o
       396         30          0          2          0       1900   key.o
      2144        242        290         12        128      14698   kservice.o
       164         32          0          0          0        547   led.o
        18          0          0          0          0     155143   main.o
      1982        750        346         32         32       9971   mem.o
       984        198        256          4          0      10083   msh.o
       860        286        128        180          0      10650   object.o
       524        182        266          0         68       8542   pin.o
       492         32          0         14          0       3050   pwm.o
      1058        250         78         28        256      10086   scheduler.o
      1948        412        295          4          0      11583   serial.o
      2684        382        139         24        129      17537   shell.o
        64         26        244          0       1536        880   startup_mm32l3xx.o
       272         26          0         20          0       2393   system_mm32l3xx.o
       232         54          0          0          0       3005   task.o
      1450        412        273         12          0      16297   thread.o
      1494        488         92         20          0      12399   timer.o

    ----------------------------------------------------------------------
     46366       8166       6920        704       3660     598238   Object Totals
         0          0         32          0          0          0   (incl. Generated)
        44          0         18          3          3          0   (incl. Padding)

    ----------------------------------------------------------------------

      Code (inc. data)   RO Data    RW Data    ZI Data      Debug   Library Member Name

        90          0          0          0          0          0   __dczerorl2.o
         8          0          0          0          0         68   __main.o
         0          0          0          0          0          0   __rtentry.o
        12          0          0          0          0          0   __rtentry2.o
         6          0          0          0          0          0   __rtentry4.o
        52          8          0          0          0          0   __scatter.o
        28          0          0          0          0          0   __scatter_zi.o
        28          0          0          0          0         68   _chval.o
       158          0          0          0          0         92   _strtoul.o
        26          0          0          0          0         80   atoi.o
        18          0          0          0          0         80   exit.o
         6          0          0          0          0        152   heapauxi.o
         0          0          0          0          0          0   indicate_semi.o
        44         10        272          0          0         76   lc_ctype_c.o
         2          0          0          0          0          0   libinit.o
        20          0          0          0          0          0   libinit2.o
         2          0          0          0          0          0   libshutdown.o
         2          0          0          0          0          0   libshutdown2.o
         8          4          0          0         96         68   libspace.o
        88          0          0          0          0         76   memcmp.o
        16          4          0          0          0         76   rt_ctype_table.o
         8          4          0          0          0         68   rt_errno_addr_intlibspace.o
         8          4          0          0          0         68   rt_locale_intlibspace.o
        68          0          0          0          0         68   rt_memclr.o
        78          0          0          0          0         80   rt_memclr_w.o
       138          0          0          0          0         68   rt_memcpy_v6.o
       100          0          0          0          0         80   rt_memcpy_w.o
         2          0          0          0          0          0   rtexit.o
        10          0          0          0          0          0   rtexit2.o
        24          0          0          0          0         68   strcat.o
       128          0          0          0          0         68   strcmpv7m.o
        72          0          0          0          0         80   strcpy.o
        62          0          0          0          0         76   strlen.o
       150          0          0          0          0         80   strncmp.o
        86          0          0          0          0         76   strncpy.o
       112          0          0          0          0         88   strtol.o
        12          4          0          0          0         68   sys_exit.o
        74          0          0          0          0         80   sys_stackheap_outer.o
         2          0          0          0          0         68   use_no_semi.o

    ----------------------------------------------------------------------
      1754         38        272          0        100       2020   Library Totals
         6          0          0          0          4          0   (incl. Padding)

    ----------------------------------------------------------------------

      Code (inc. data)   RO Data    RW Data    ZI Data      Debug   Library Name

      1748         38        272          0         96       2020   c_w.l

    ----------------------------------------------------------------------
      1754         38        272          0        100       2020   Library Totals

    ----------------------------------------------------------------------

==============================================================================


      Code (inc. data)   RO Data    RW Data    ZI Data      Debug   

     48120       8204       7192        704       3760     579558   Grand Totals
     48120       8204       7192        184       3760     579558   ELF Image Totals (compressed)
     48120       8204       7192        184          0          0   ROM Totals

==============================================================================

    Total RO  Size (Code + RO Data)                55312 (  54.02kB)
    Total RW  Size (RW Data + ZI Data)              4464 (   4.36kB)
    Total ROM Size (Code + RO Data + RW Data)      55496 (  54.20kB)

==============================================================================

