<html>
<body>
<pre>
<h1>礦ision Build Log</h1>
<h2>Tool Versions:</h2>
IDE-Version: μVision V5.29.0.0
Copyright (C) 2019 ARM Ltd and ARM Germany GmbH. All rights reserved.
License Information: 黎 伟, hubeiligong, LIC=AK1X7-E87UY-C0WN2-943DT-BLK20-M3CNM
 
Tool Versions:
Toolchain:       MDK-ARM Professional  Version: 5.29.0.0
Toolchain Path:  C:\Keil_v5\ARM\ARMCC\Bin
C Compiler:      Armcc.exe V5.06 update 6 (build 750)
Assembler:       Armasm.exe V5.06 update 6 (build 750)
Linker/Locator:  ArmLink.exe V5.06 update 6 (build 750)
Library Manager: ArmAr.exe V5.06 update 6 (build 750)
Hex Converter:   FromElf.exe V5.06 update 6 (build 750)
CPU DLL:         SARMCM3.DLL V5.29.0.0
Dialog DLL:      DCM.DLL V1.17.3.0
Target DLL:      MM32LINKCM3.dll V1.0.0.0
Dialog DLL:      TCM.DLL V1.36.5.0
 
<h2>Project:</h2>
C:\liwei02_wok_data\RT_Thread_能力认证\21IC_比赛资料\RT-ThreadBSP_mm32l3xx\mm32l3xx\project.uvprojx
Project File Date:  06/30/2020

<h2>Output:</h2>
*** Using Compiler 'V5.06 update 6 (build 750)', folder: 'C:\Keil_v5\ARM\ARMCC\Bin'
Build target 'rtthread'
compiling main.c...
linking...
Program Size: Code=48120 RO-data=7192 RW-data=704 ZI-data=3760  
FromELF: creating hex file...
After Build - User command #1: fromelf --bin .\build\keil\Obj\rtthread.axf --output rtthread.bin
".\build\keil\Obj\rtthread.axf" - 0 Error(s), 0 Warning(s).

<h2>Software Packages used:</h2>

Package Vendor: MindMotion
                http://www.mindmotion.com.cn/Download/MDK_KEIL/MindMotion.MM32L3xx_DFP.1.0.6.pack
                MindMotion.MM32L3xx_DFP.1.0.6
                MindMotion MM32L3xx Series Device Support, Drivers and Examples

<h2>Collection of Component include folders:</h2>
  .\RTE\_rtthread
  C:\Users\Vzais_EX\AppData\Local\Arm\Packs\MindMotion\MM32L3xx_DFP\1.0.6\Device\MM32L3xx\Include

<h2>Collection of Component Files used:</h2>
Build Time Elapsed:  00:00:02
</pre>
</body>
</html>
